Archive member included to satisfy reference by file (symbol)

/opt/st/stm32cubeide_1.7.0/plugins/com.st.stm32cube.ide.mcu.externaltools.gnu-tools-for-stm32.9-2020-q2-update.linux64_2.0.0.202105311346/tools/bin/../lib/gcc/arm-none-eabi/9.3.1/../../../../arm-none-eabi/lib/thumb/v7e-m+fp/hard/libc_nano.a(lib_a-errno.o)
                              ./Core/Src/syscalls.o (__errno)
/opt/st/stm32cubeide_1.7.0/plugins/com.st.stm32cube.ide.mcu.externaltools.gnu-tools-for-stm32.9-2020-q2-update.linux64_2.0.0.202105311346/tools/bin/../lib/gcc/arm-none-eabi/9.3.1/../../../../arm-none-eabi/lib/thumb/v7e-m+fp/hard/libc_nano.a(lib_a-exit.o)
                              /opt/st/stm32cubeide_1.7.0/plugins/com.st.stm32cube.ide.mcu.externaltools.gnu-tools-for-stm32.9-2020-q2-update.linux64_2.0.0.202105311346/tools/bin/../lib/gcc/arm-none-eabi/9.3.1/../../../../arm-none-eabi/lib/thumb/v7e-m+fp/hard/crt0.o (exit)
/opt/st/stm32cubeide_1.7.0/plugins/com.st.stm32cube.ide.mcu.externaltools.gnu-tools-for-stm32.9-2020-q2-update.linux64_2.0.0.202105311346/tools/bin/../lib/gcc/arm-none-eabi/9.3.1/../../../../arm-none-eabi/lib/thumb/v7e-m+fp/hard/libc_nano.a(lib_a-impure.o)
                              /opt/st/stm32cubeide_1.7.0/plugins/com.st.stm32cube.ide.mcu.externaltools.gnu-tools-for-stm32.9-2020-q2-update.linux64_2.0.0.202105311346/tools/bin/../lib/gcc/arm-none-eabi/9.3.1/../../../../arm-none-eabi/lib/thumb/v7e-m+fp/hard/libc_nano.a(lib_a-exit.o) (_global_impure_ptr)
/opt/st/stm32cubeide_1.7.0/plugins/com.st.stm32cube.ide.mcu.externaltools.gnu-tools-for-stm32.9-2020-q2-update.linux64_2.0.0.202105311346/tools/bin/../lib/gcc/arm-none-eabi/9.3.1/../../../../arm-none-eabi/lib/thumb/v7e-m+fp/hard/libc_nano.a(lib_a-init.o)
                              /opt/st/stm32cubeide_1.7.0/plugins/com.st.stm32cube.ide.mcu.externaltools.gnu-tools-for-stm32.9-2020-q2-update.linux64_2.0.0.202105311346/tools/bin/../lib/gcc/arm-none-eabi/9.3.1/../../../../arm-none-eabi/lib/thumb/v7e-m+fp/hard/crt0.o (__libc_init_array)
/opt/st/stm32cubeide_1.7.0/plugins/com.st.stm32cube.ide.mcu.externaltools.gnu-tools-for-stm32.9-2020-q2-update.linux64_2.0.0.202105311346/tools/bin/../lib/gcc/arm-none-eabi/9.3.1/../../../../arm-none-eabi/lib/thumb/v7e-m+fp/hard/libc_nano.a(lib_a-memset.o)
                              /opt/st/stm32cubeide_1.7.0/plugins/com.st.stm32cube.ide.mcu.externaltools.gnu-tools-for-stm32.9-2020-q2-update.linux64_2.0.0.202105311346/tools/bin/../lib/gcc/arm-none-eabi/9.3.1/../../../../arm-none-eabi/lib/thumb/v7e-m+fp/hard/crt0.o (memset)
/opt/st/stm32cubeide_1.7.0/plugins/com.st.stm32cube.ide.mcu.externaltools.gnu-tools-for-stm32.9-2020-q2-update.linux64_2.0.0.202105311346/tools/bin/../lib/gcc/arm-none-eabi/9.3.1/thumb/v7e-m+fp/hard/libgcc.a(_arm_addsubdf3.o)
                              ./Core/Src/main.o (__aeabi_i2d)
/opt/st/stm32cubeide_1.7.0/plugins/com.st.stm32cube.ide.mcu.externaltools.gnu-tools-for-stm32.9-2020-q2-update.linux64_2.0.0.202105311346/tools/bin/../lib/gcc/arm-none-eabi/9.3.1/thumb/v7e-m+fp/hard/libgcc.a(_arm_muldivdf3.o)
                              ./Core/Src/main.o (__aeabi_ddiv)
/opt/st/stm32cubeide_1.7.0/plugins/com.st.stm32cube.ide.mcu.externaltools.gnu-tools-for-stm32.9-2020-q2-update.linux64_2.0.0.202105311346/tools/bin/../lib/gcc/arm-none-eabi/9.3.1/thumb/v7e-m+fp/hard/libgcc.a(_arm_truncdfsf2.o)
                              ./Core/Src/main.o (__aeabi_d2f)
/opt/st/stm32cubeide_1.7.0/plugins/com.st.stm32cube.ide.mcu.externaltools.gnu-tools-for-stm32.9-2020-q2-update.linux64_2.0.0.202105311346/tools/bin/../lib/gcc/arm-none-eabi/9.3.1/thumb/v7e-m+fp/hard/libgcc.a(_aeabi_uldivmod.o)
                              ./Drivers/STM32L4xx_HAL_Driver/Src/stm32l4xx_hal_uart.o (__aeabi_uldivmod)
/opt/st/stm32cubeide_1.7.0/plugins/com.st.stm32cube.ide.mcu.externaltools.gnu-tools-for-stm32.9-2020-q2-update.linux64_2.0.0.202105311346/tools/bin/../lib/gcc/arm-none-eabi/9.3.1/thumb/v7e-m+fp/hard/libgcc.a(_udivmoddi4.o)
                              /opt/st/stm32cubeide_1.7.0/plugins/com.st.stm32cube.ide.mcu.externaltools.gnu-tools-for-stm32.9-2020-q2-update.linux64_2.0.0.202105311346/tools/bin/../lib/gcc/arm-none-eabi/9.3.1/thumb/v7e-m+fp/hard/libgcc.a(_aeabi_uldivmod.o) (__udivmoddi4)
/opt/st/stm32cubeide_1.7.0/plugins/com.st.stm32cube.ide.mcu.externaltools.gnu-tools-for-stm32.9-2020-q2-update.linux64_2.0.0.202105311346/tools/bin/../lib/gcc/arm-none-eabi/9.3.1/thumb/v7e-m+fp/hard/libgcc.a(_dvmd_tls.o)
                              /opt/st/stm32cubeide_1.7.0/plugins/com.st.stm32cube.ide.mcu.externaltools.gnu-tools-for-stm32.9-2020-q2-update.linux64_2.0.0.202105311346/tools/bin/../lib/gcc/arm-none-eabi/9.3.1/thumb/v7e-m+fp/hard/libgcc.a(_aeabi_uldivmod.o) (__aeabi_ldiv0)

Allocating common symbols
Common symbol       size              file

hdac1               0x14              ./Core/Src/main.o
uwTick              0x4               ./Drivers/STM32L4xx_HAL_Driver/Src/stm32l4xx_hal.o
[...]
Memory Configuration

Name             Origin             Length             Attributes
RAM              0x0000000020000000 0x0000000000018000 xrw
RAM2             0x0000000010000000 0x0000000000008000 xrw
FLASH            0x0000000008000000 0x0000000000100000 xr
*default*        0x0000000000000000 0xffffffffffffffff

Linker script and memory map

LOAD /opt/st/stm32cubeide_1.7.0/plugins/com.st.stm32cube.ide.mcu.externaltools.gnu-tools-for-stm32.9-2020-q2-update.linux64_2.0.0.202105311346/tools/bin/../lib/gcc/arm-none-eabi/9.3.1/thumb/v7e-m+fp/hard/crti.o
LOAD /opt/st/stm32cubeide_1.7.0/plugins/com.st.stm32cube.ide.mcu.externaltools.gnu-tools-for-stm32.9-2020-q2-update.linux64_2.0.0.202105311346/tools/bin/../lib/gcc/arm-none-eabi/9.3.1/thumb/v7e-m+fp/hard/crtbegin.o
LOAD /opt/st/stm32cubeide_1.7.0/plugins/com.st.stm32cube.ide.mcu.externaltools.gnu-tools-for-stm32.9-2020-q2-update.linux64_2.0.0.202105311346/tools/bin/../lib/gcc/arm-none-eabi/9.3.1/../../../../arm-none-eabi/lib/thumb/v7e-m+fp/hard/crt0.o
LOAD ./Core/Src/main.o
LOAD ./Core/Src/stm32l4xx_hal_msp.o
LOAD ./Core/Src/stm32l4xx_it.o
LOAD ./Core/Src/syscalls.o
LOAD ./Core/Src/sysmem.o
LOAD ./Core/Src/system_stm32l4xx.o
LOAD ./Core/Startup/startup_stm32l476rgtx.o
LOAD ./Drivers/STM32L4xx_HAL_Driver/Src/stm32l4xx_hal.o
LOAD ./Drivers/STM32L4xx_HAL_Driver/Src/stm32l4xx_hal_cortex.o
LOAD ./Drivers/STM32L4xx_HAL_Driver/Src/stm32l4xx_hal_dac.o
LOAD ./Drivers/STM32L4xx_HAL_Driver/Src/stm32l4xx_hal_dac_ex.o
LOAD ./Drivers/STM32L4xx_HAL_Driver/Src/stm32l4xx_hal_dma.o
LOAD ./Drivers/STM32L4xx_HAL_Driver/Src/stm32l4xx_hal_dma_ex.o
LOAD ./Drivers/STM32L4xx_HAL_Driver/Src/stm32l4xx_hal_exti.o
LOAD ./Drivers/STM32L4xx_HAL_Driver/Src/stm32l4xx_hal_flash.o
LOAD ./Drivers/STM32L4xx_HAL_Driver/Src/stm32l4xx_hal_flash_ex.o
LOAD ./Drivers/STM32L4xx_HAL_Driver/Src/stm32l4xx_hal_flash_ramfunc.o
LOAD ./Drivers/STM32L4xx_HAL_Driver/Src/stm32l4xx_hal_gpio.o
LOAD ./Drivers/STM32L4xx_HAL_Driver/Src/stm32l4xx_hal_i2c.o
LOAD ./Drivers/STM32L4xx_HAL_Driver/Src/stm32l4xx_hal_i2c_ex.o
LOAD ./Drivers/STM32L4xx_HAL_Driver/Src/stm32l4xx_hal_pwr.o
LOAD ./Drivers/STM32L4xx_HAL_Driver/Src/stm32l4xx_hal_pwr_ex.o
LOAD ./Drivers/STM32L4xx_HAL_Driver/Src/stm32l4xx_hal_rcc.o
LOAD ./Drivers/STM32L4xx_HAL_Driver/Src/stm32l4xx_hal_rcc_ex.o
LOAD ./Drivers/STM32L4xx_HAL_Driver/Src/stm32l4xx_hal_tim.o
LOAD ./Drivers/STM32L4xx_HAL_Driver/Src/stm32l4xx_hal_tim_ex.o
LOAD ./Drivers/STM32L4xx_HAL_Driver/Src/stm32l4xx_hal_uart.o
LOAD ./Drivers/STM32L4xx_HAL_Driver/Src/stm32l4xx_hal_uart_ex.o
START GROUP
LOAD /opt/st/stm32cubeide_1.7.0/plugins/com.st.stm32cube.ide.mcu.externaltools.gnu-tools-for-stm32.9-2020-q2-update.linux64_2.0.0.202105311346/tools/bin/../lib/gcc/arm-none-eabi/9.3.1/../../../../arm-none-eabi/lib/thumb/v7e-m+fp/hard/libc_nano.a
LOAD /opt/st/stm32cubeide_1.7.0/plugins/com.st.stm32cube.ide.mcu.externaltools.gnu-tools-for-stm32.9-2020-q2-update.linux64_2.0.0.202105311346/tools/bin/../lib/gcc/arm-none-eabi/9.3.1/../../../../arm-none-eabi/lib/thumb/v7e-m+fp/hard/libm.a
END GROUP
START GROUP
LOAD /opt/st/stm32cubeide_1.7.0/plugins/com.st.stm32cube.ide.mcu.externaltools.gnu-tools-for-stm32.9-2020-q2-update.linux64_2.0.0.202105311346/tools/bin/../lib/gcc/arm-none-eabi/9.3.1/thumb/v7e-m+fp/hard/libgcc.a
LOAD /opt/st/stm32cubeide_1.7.0/plugins/com.st.stm32cube.ide.mcu.externaltools.gnu-tools-for-stm32.9-2020-q2-update.linux64_2.0.0.202105311346/tools/bin/../lib/gcc/arm-none-eabi/9.3.1/../../../../arm-none-eabi/lib/thumb/v7e-m+fp/hard/libc_nano.a
END GROUP
START GROUP
LOAD /opt/st/stm32cubeide_1.7.0/plugins/com.st.stm32cube.ide.mcu.externaltools.gnu-tools-for-stm32.9-2020-q2-update.linux64_2.0.0.202105311346/tools/bin/../lib/gcc/arm-none-eabi/9.3.1/thumb/v7e-m+fp/hard/libgcc.a
LOAD /opt/st/stm32cubeide_1.7.0/plugins/com.st.stm32cube.ide.mcu.externaltools.gnu-tools-for-stm32.9-2020-q2-update.linux64_2.0.0.202105311346/tools/bin/../lib/gcc/arm-none-eabi/9.3.1/../../../../arm-none-eabi/lib/thumb/v7e-m+fp/hard/libc_nano.a
LOAD /opt/st/stm32cubeide_1.7.0/plugins/com.st.stm32cube.ide.mcu.externaltools.gnu-tools-for-stm32.9-2020-q2-update.linux64_2.0.0.202105311346/tools/bin/../lib/gcc/arm-none-eabi/9.3.1/../../../../arm-none-eabi/lib/thumb/v7e-m+fp/hard/libnosys.a
END GROUP
START GROUP
LOAD /opt/st/stm32cubeide_1.7.0/plugins/com.st.stm32cube.ide.mcu.externaltools.gnu-tools-for-stm32.9-2020-q2-update.linux64_2.0.0.202105311346/tools/bin/../lib/gcc/arm-none-eabi/9.3.1/thumb/v7e-m+fp/hard/libgcc.a
LOAD /opt/st/stm32cubeide_1.7.0/plugins/com.st.stm32cube.ide.mcu.externaltools.gnu-tools-for-stm32.9-2020-q2-update.linux64_2.0.0.202105311346/tools/bin/../lib/gcc/arm-none-eabi/9.3.1/../../../../arm-none-eabi/lib/thumb/v7e-m+fp/hard/libc_nano.a
LOAD /opt/st/stm32cubeide_1.7.0/plugins/com.st.stm32cube.ide.mcu.externaltools.gnu-tools-for-stm32.9-2020-q2-update.linux64_2.0.0.202105311346/tools/bin/../lib/gcc/arm-none-eabi/9.3.1/../../../../arm-none-eabi/lib/thumb/v7e-m+fp/hard/libnosys.a
END GROUP
LOAD /opt/st/stm32cubeide_1.7.0/plugins/com.st.stm32cube.ide.mcu.externaltools.gnu-tools-for-stm32.9-2020-q2-update.linux64_2.0.0.202105311346/tools/bin/../lib/gcc/arm-none-eabi/9.3.1/thumb/v7e-m+fp/hard/crtend.o
LOAD /opt/st/stm32cubeide_1.7.0/plugins/com.st.stm32cube.ide.mcu.externaltools.gnu-tools-for-stm32.9-2020-q2-update.linux64_2.0.0.202105311346/tools/bin/../lib/gcc/arm-none-eabi/9.3.1/thumb/v7e-m+fp/hard/crtn.o
                0x0000000020018000                _estack = (ORIGIN (RAM) + LENGTH (RAM))
                0x0000000000000200                _Min_Heap_Size = 0x200
                0x0000000000000400                _Min_Stack_Size = 0x400

.isr_vector     0x0000000008000000      0x188
                0x0000000008000000                . = ALIGN (0x4)
 *(.isr_vector)
 .isr_vector    0x0000000008000000      0x188 ./Core/Startup/startup_stm32l476rgtx.o
                0x0000000008000000                g_pfnVectors
                0x0000000008000188                . = ALIGN (0x4)

.text           0x0000000008000188     0x4804
                0x0000000008000188                . = ALIGN (0x4)
 *(.text)
 .text          0x0000000008000188       0x40 /opt/st/stm32cubeide_1.7.0/plugins/com.st.stm32cube.ide.mcu.externaltools.gnu-tools-for-stm32.9-2020-q2-update.linux64_2.0.0.202105311346/tools/bin/../lib/gcc/arm-none-eabi/9.3.1/thumb/v7e-m+fp/hard/crtbegin.o
 .text          0x00000000080001c8      0x378 /opt/st/stm32cubeide_1.7.0/plugins/com.st.stm32cube.ide.mcu.externaltools.gnu-tools-for-stm32.9-2020-q2-update.linux64_2.0.0.202105311346/tools/bin/../lib/gcc/arm-none-eabi/9.3.1/thumb/v7e-m+fp/hard/libgcc.a(_arm_addsubdf3.o)
                0x00000000080001c8                __aeabi_drsub
                0x00000000080001d0                __aeabi_dsub
                0x00000000080001d0                __subdf3
                0x00000000080001d4                __adddf3
                0x00000000080001d4                __aeabi_dadd
                0x000000000800044c                __aeabi_ui2d
                0x000000000800044c                __floatunsidf
                0x000000000800046c                __floatsidf
                0x000000000800046c                __aeabi_i2d
                0x0000000008000490                __extendsfdf2
                0x0000000008000490                __aeabi_f2d
                0x00000000080004d4                __aeabi_ul2d
                0x00000000080004d4                __floatundidf
                0x00000000080004e4                __floatdidf
                0x00000000080004e4                __aeabi_l2d
 .text          0x0000000008000540      0x424 /opt/st/stm32cubeide_1.7.0/plugins/com.st.stm32cube.ide.mcu.externaltools.gnu-tools-for-stm32.9-2020-q2-update.linux64_2.0.0.202105311346/tools/bin/../lib/gcc/arm-none-eabi/9.3.1/thumb/v7e-m+fp/hard/libgcc.a(_arm_muldivdf3.o)
                0x0000000008000540                __aeabi_dmul
                0x0000000008000540                __muldf3
                0x0000000008000794                __aeabi_ddiv
                0x0000000008000794                __divdf3
 .text          0x0000000008000964       0xa0 /opt/st/stm32cubeide_1.7.0/plugins/com.st.stm32cube.ide.mcu.externaltools.gnu-tools-for-stm32.9-2020-q2-update.linux64_2.0.0.202105311346/tools/bin/../lib/gcc/arm-none-eabi/9.3.1/thumb/v7e-m+fp/hard/libgcc.a(_arm_truncdfsf2.o)
                0x0000000008000964                __aeabi_d2f
                0x0000000008000964                __truncdfsf2
 .text          0x0000000008000a04       0x30 /opt/st/stm32cubeide_1.7.0/plugins/com.st.stm32cube.ide.mcu.externaltools.gnu-tools-for-stm32.9-2020-q2-update.linux64_2.0.0.202105311346/tools/bin/../lib/gcc/arm-none-eabi/9.3.1/thumb/v7e-m+fp/hard/libgcc.a(_aeabi_uldivmod.o)
                0x0000000008000a04                __aeabi_uldivmod
 .text          0x0000000008000a34      0x2c4 /opt/st/stm32cubeide_1.7.0/plugins/com.st.stm32cube.ide.mcu.externaltools.gnu-tools-for-stm32.9-2020-q2-update.linux64_2.0.0.202105311346/tools/bin/../lib/gcc/arm-none-eabi/9.3.1/thumb/v7e-m+fp/hard/libgcc.a(_udivmoddi4.o)
                0x0000000008000a34                __udivmoddi4
 .text          0x0000000008000cf8        0x4 /opt/st/stm32cubeide_1.7.0/plugins/com.st.stm32cube.ide.mcu.externaltools.gnu-tools-for-stm32.9-2020-q2-update.linux64_2.0.0.202105311346/tools/bin/../lib/gcc/arm-none-eabi/9.3.1/thumb/v7e-m+fp/hard/libgcc.a(_dvmd_tls.o)
                0x0000000008000cf8                __aeabi_ldiv0
                0x0000000008000cf8                __aeabi_idiv0
 *(.text*)
 .text.circ_bbuf_push
                0x0000000008000cfc       0x54 ./Core/Src/main.o
                0x0000000008000cfc                circ_bbuf_push
 .text.circ_bbuf_pop
                0x0000000008000d50       0x56 ./Core/Src/main.o
                0x0000000008000d50                circ_bbuf_pop
 *fill*         0x0000000008000da6        0x2 
 .text.HAL_UART_RxCpltCallback
                0x0000000008000da8       0x40 ./Core/Src/main.o
                0x0000000008000da8                HAL_UART_RxCpltCallback
 .text.calculate_dor
                0x0000000008000de8      0x100 ./Core/Src/main.o
                0x0000000008000de8                calculate_dor
 .text.calculate_current_dor
                0x0000000008000ee8       0x24 ./Core/Src/main.o
                0x0000000008000ee8                calculate_current_dor
 .text.set_gate
                0x0000000008000f0c       0x14 ./Core/Src/main.o
                0x0000000008000f0c                set_gate
 .text.unset_gate
                0x0000000008000f20       0x14 ./Core/Src/main.o
                0x0000000008000f20                unset_gate
 .text.set_pitch
                0x0000000008000f34       0x20 ./Core/Src/main.o
                0x0000000008000f34                set_pitch
 .text.parse_MIDI
                0x0000000008000f54      0x15c ./Core/Src/main.o
                0x0000000008000f54                parse_MIDI
 .text.main     0x00000000080010b0       0x58 ./Core/Src/main.o
                0x00000000080010b0                main
 .text.SystemClock_Config
                0x0000000008001108       0xa2 ./Core/Src/main.o
                0x0000000008001108                SystemClock_Config
 *fill*         0x00000000080011aa        0x2 
 .text.MX_DAC1_Init
                0x00000000080011ac       0x64 ./Core/Src/main.o
 .text.MX_USART1_UART_Init
                0x0000000008001210       0x60 ./Core/Src/main.o
 .text.MX_USART2_UART_Init
                0x0000000008001270       0x60 ./Core/Src/main.o
 .text.MX_GPIO_Init
                0x00000000080012d0       0xf8 ./Core/Src/main.o
 .text.Error_Handler
                0x00000000080013c8        0xa ./Core/Src/main.o
                0x00000000080013c8                Error_Handler
 *fill*         0x00000000080013d2        0x2 
 .text.HAL_MspInit
                0x00000000080013d4       0x48 ./Core/Src/stm32l4xx_hal_msp.o
                0x00000000080013d4                HAL_MspInit
 .text.HAL_DAC_MspInit
                0x000000000800141c       0x7c ./Core/Src/stm32l4xx_hal_msp.o
                0x000000000800141c                HAL_DAC_MspInit
 .text.HAL_UART_MspInit
                0x0000000008001498      0x164 ./Core/Src/stm32l4xx_hal_msp.o
                0x0000000008001498                HAL_UART_MspInit
 .text.NMI_Handler
                0x00000000080015fc        0x6 ./Core/Src/stm32l4xx_it.o
                0x00000000080015fc                NMI_Handler
 .text.HardFault_Handler
                0x0000000008001602        0x6 ./Core/Src/stm32l4xx_it.o
                0x0000000008001602                HardFault_Handler
 .text.MemManage_Handler
                0x0000000008001608        0x6 ./Core/Src/stm32l4xx_it.o
                0x0000000008001608                MemManage_Handler
 .text.BusFault_Handler
                0x000000000800160e        0x6 ./Core/Src/stm32l4xx_it.o
                0x000000000800160e                BusFault_Handler
 .text.UsageFault_Handler
                0x0000000008001614        0x6 ./Core/Src/stm32l4xx_it.o
                0x0000000008001614                UsageFault_Handler
 .text.SVC_Handler
                0x000000000800161a        0xe ./Core/Src/stm32l4xx_it.o
                0x000000000800161a                SVC_Handler
 .text.DebugMon_Handler
                0x0000000008001628        0xe ./Core/Src/stm32l4xx_it.o
                0x0000000008001628                DebugMon_Handler
 .text.PendSV_Handler
                0x0000000008001636        0xe ./Core/Src/stm32l4xx_it.o
                0x0000000008001636                PendSV_Handler
 .text.SysTick_Handler
                0x0000000008001644        0xc ./Core/Src/stm32l4xx_it.o
                0x0000000008001644                SysTick_Handler
 .text.USART1_IRQHandler
                0x0000000008001650       0x14 ./Core/Src/stm32l4xx_it.o
                0x0000000008001650                USART1_IRQHandler
 .text.USART2_IRQHandler
                0x0000000008001664       0x14 ./Core/Src/stm32l4xx_it.o
                0x0000000008001664                USART2_IRQHandler
 .text.SystemInit
                0x0000000008001678       0x64 ./Core/Src/system_stm32l4xx.o
                0x0000000008001678                SystemInit
 .text.Reset_Handler
                0x00000000080016dc       0x50 ./Core/Startup/startup_stm32l476rgtx.o
                0x00000000080016dc                Reset_Handler
 .text.Default_Handler
                0x000000000800172c        0x2 ./Core/Startup/startup_stm32l476rgtx.o
                0x000000000800172c                RTC_Alarm_IRQHandler
                0x000000000800172c                EXTI2_IRQHandler
                0x000000000800172c                TIM8_TRG_COM_IRQHandler
                0x000000000800172c                TIM8_CC_IRQHandler
                0x000000000800172c                TIM1_CC_IRQHandler
                0x000000000800172c                TSC_IRQHandler
                0x000000000800172c                TAMP_STAMP_IRQHandler
                0x000000000800172c                EXTI3_IRQHandler
                0x000000000800172c                LPTIM2_IRQHandler
                0x000000000800172c                DFSDM1_FLT1_IRQHandler
                0x000000000800172c                I2C3_ER_IRQHandler
                0x000000000800172c                DFSDM1_FLT2_IRQHandler
                0x000000000800172c                EXTI0_IRQHandler
                0x000000000800172c                I2C2_EV_IRQHandler
                0x000000000800172c                CAN1_RX0_IRQHandler
                0x000000000800172c                FPU_IRQHandler
                0x000000000800172c                TIM1_UP_TIM16_IRQHandler
                0x000000000800172c                ADC1_2_IRQHandler
                0x000000000800172c                SPI1_IRQHandler
                0x000000000800172c                TIM6_DAC_IRQHandler
                0x000000000800172c                TIM8_UP_IRQHandler
                0x000000000800172c                DMA2_Channel2_IRQHandler
                0x000000000800172c                DMA1_Channel4_IRQHandler
                0x000000000800172c                SAI2_IRQHandler
                0x000000000800172c                DFSDM1_FLT3_IRQHandler
                0x000000000800172c                USART3_IRQHandler
                0x000000000800172c                DMA1_Channel7_IRQHandler
                0x000000000800172c                CAN1_RX1_IRQHandler
                0x000000000800172c                LCD_IRQHandler
                0x000000000800172c                UART5_IRQHandler
                0x000000000800172c                ADC3_IRQHandler
                0x000000000800172c                TIM4_IRQHandler
                0x000000000800172c                DMA2_Channel1_IRQHandler
                0x000000000800172c                QUADSPI_IRQHandler
                0x000000000800172c                I2C1_EV_IRQHandler
                0x000000000800172c                DMA1_Channel6_IRQHandler
                0x000000000800172c                UART4_IRQHandler
                0x000000000800172c                DMA2_Channel4_IRQHandler
                0x000000000800172c                TIM3_IRQHandler
                0x000000000800172c                RCC_IRQHandler
                0x000000000800172c                DMA1_Channel1_IRQHandler
                0x000000000800172c                Default_Handler
                0x000000000800172c                DMA2_Channel7_IRQHandler
                0x000000000800172c                EXTI15_10_IRQHandler
                0x000000000800172c                TIM7_IRQHandler
                0x000000000800172c                SDMMC1_IRQHandler
                0x000000000800172c                TIM5_IRQHandler
                0x000000000800172c                I2C3_EV_IRQHandler
                0x000000000800172c                EXTI9_5_IRQHandler
                0x000000000800172c                RTC_WKUP_IRQHandler
                0x000000000800172c                PVD_PVM_IRQHandler
                0x000000000800172c                SPI2_IRQHandler
                0x000000000800172c                CAN1_TX_IRQHandler
                0x000000000800172c                DMA2_Channel5_IRQHandler
                0x000000000800172c                DMA1_Channel5_IRQHandler
                0x000000000800172c                EXTI4_IRQHandler
                0x000000000800172c                RNG_IRQHandler
                0x000000000800172c                TIM1_TRG_COM_TIM17_IRQHandler
                0x000000000800172c                DMA1_Channel3_IRQHandler
                0x000000000800172c                COMP_IRQHandler
                0x000000000800172c                WWDG_IRQHandler
                0x000000000800172c                LPUART1_IRQHandler
                0x000000000800172c                DMA2_Channel6_IRQHandler
                0x000000000800172c                TIM2_IRQHandler
                0x000000000800172c                EXTI1_IRQHandler
                0x000000000800172c                DFSDM1_FLT0_IRQHandler
                0x000000000800172c                I2C2_ER_IRQHandler
                0x000000000800172c                DMA1_Channel2_IRQHandler
                0x000000000800172c                TIM8_BRK_IRQHandler
                0x000000000800172c                CAN1_SCE_IRQHandler
                0x000000000800172c                FLASH_IRQHandler
                0x000000000800172c                OTG_FS_IRQHandler
                0x000000000800172c                SPI3_IRQHandler
                0x000000000800172c                I2C1_ER_IRQHandler
                0x000000000800172c                FMC_IRQHandler
                0x000000000800172c                SWPMI1_IRQHandler
                0x000000000800172c                LPTIM1_IRQHandler
                0x000000000800172c                SAI1_IRQHandler
                0x000000000800172c                DMA2_Channel3_IRQHandler
                0x000000000800172c                TIM1_BRK_TIM15_IRQHandler
 *fill*         0x000000000800172e        0x2 
 .text.HAL_Init
                0x0000000008001730       0x40 ./Drivers/STM32L4xx_HAL_Driver/Src/stm32l4xx_hal.o
                0x0000000008001730                HAL_Init
 .text.HAL_InitTick
                0x0000000008001770       0x78 ./Drivers/STM32L4xx_HAL_Driver/Src/stm32l4xx_hal.o
                0x0000000008001770                HAL_InitTick
 .text.HAL_IncTick
                0x00000000080017e8       0x28 ./Drivers/STM32L4xx_HAL_Driver/Src/stm32l4xx_hal.o
                0x00000000080017e8                HAL_IncTick
 .text.HAL_GetTick
                0x0000000008001810       0x18 ./Drivers/STM32L4xx_HAL_Driver/Src/stm32l4xx_hal.o
                0x0000000008001810                HAL_GetTick
 .text.HAL_Delay
                0x0000000008001828       0x48 ./Drivers/STM32L4xx_HAL_Driver/Src/stm32l4xx_hal.o
                0x0000000008001828                HAL_Delay
 .text.__NVIC_SetPriorityGrouping
                0x0000000008001870       0x48 ./Drivers/STM32L4xx_HAL_Driver/Src/stm32l4xx_hal_cortex.o
 .text.__NVIC_GetPriorityGrouping
                0x00000000080018b8       0x1c ./Drivers/STM32L4xx_HAL_Driver/Src/stm32l4xx_hal_cortex.o
 .text.__NVIC_EnableIRQ
                0x00000000080018d4       0x3c ./Drivers/STM32L4xx_HAL_Driver/Src/stm32l4xx_hal_cortex.o
 .text.__NVIC_SetPriority
                0x0000000008001910       0x54 ./Drivers/STM32L4xx_HAL_Driver/Src/stm32l4xx_hal_cortex.o
 .text.NVIC_EncodePriority
                0x0000000008001964       0x66 ./Drivers/STM32L4xx_HAL_Driver/Src/stm32l4xx_hal_cortex.o
 *fill*         0x00000000080019ca        0x2 
 .text.SysTick_Config
                0x00000000080019cc       0x44 ./Drivers/STM32L4xx_HAL_Driver/Src/stm32l4xx_hal_cortex.o
 .text.HAL_NVIC_SetPriorityGrouping
                0x0000000008001a10       0x16 ./Drivers/STM32L4xx_HAL_Driver/Src/stm32l4xx_hal_cortex.o
                0x0000000008001a10                HAL_NVIC_SetPriorityGrouping
 .text.HAL_NVIC_SetPriority
                0x0000000008001a26       0x38 ./Drivers/STM32L4xx_HAL_Driver/Src/stm32l4xx_hal_cortex.o
                0x0000000008001a26                HAL_NVIC_SetPriority
 .text.HAL_NVIC_EnableIRQ
                0x0000000008001a5e       0x1c ./Drivers/STM32L4xx_HAL_Driver/Src/stm32l4xx_hal_cortex.o
                0x0000000008001a5e                HAL_NVIC_EnableIRQ
 .text.HAL_SYSTICK_Config
                0x0000000008001a7a       0x18 ./Drivers/STM32L4xx_HAL_Driver/Src/stm32l4xx_hal_cortex.o
                0x0000000008001a7a                HAL_SYSTICK_Config
 .text.HAL_DAC_Init
                0x0000000008001a92       0x44 ./Drivers/STM32L4xx_HAL_Driver/Src/stm32l4xx_hal_dac.o
                0x0000000008001a92                HAL_DAC_Init
 .text.HAL_DAC_Start
                0x0000000008001ad6       0x9a ./Drivers/STM32L4xx_HAL_Driver/Src/stm32l4xx_hal_dac.o
                0x0000000008001ad6                HAL_DAC_Start
 .text.HAL_DAC_ConfigChannel
                0x0000000008001b70      0x234 ./Drivers/STM32L4xx_HAL_Driver/Src/stm32l4xx_hal_dac.o
                0x0000000008001b70                HAL_DAC_ConfigChannel
 .text.HAL_DMA_Abort
                0x0000000008001da4       0x7c ./Drivers/STM32L4xx_HAL_Driver/Src/stm32l4xx_hal_dma.o
                0x0000000008001da4                HAL_DMA_Abort
 .text.HAL_DMA_Abort_IT
                0x0000000008001e20       0x82 ./Drivers/STM32L4xx_HAL_Driver/Src/stm32l4xx_hal_dma.o
                0x0000000008001e20                HAL_DMA_Abort_IT
 *fill*         0x0000000008001ea2        0x2 
 .text.HAL_GPIO_Init
                0x0000000008001ea4      0x354 ./Drivers/STM32L4xx_HAL_Driver/Src/stm32l4xx_hal_gpio.o
                0x0000000008001ea4                HAL_GPIO_Init
 .text.HAL_GPIO_WritePin
                0x00000000080021f8       0x30 ./Drivers/STM32L4xx_HAL_Driver/Src/stm32l4xx_hal_gpio.o
                0x00000000080021f8                HAL_GPIO_WritePin
 .text.HAL_PWREx_GetVoltageRange
                0x0000000008002228       0x1c ./Drivers/STM32L4xx_HAL_Driver/Src/stm32l4xx_hal_pwr_ex.o
                0x0000000008002228                HAL_PWREx_GetVoltageRange
 .text.HAL_PWREx_ControlVoltageScaling
                0x0000000008002244       0xac ./Drivers/STM32L4xx_HAL_Driver/Src/stm32l4xx_hal_pwr_ex.o
                0x0000000008002244                HAL_PWREx_ControlVoltageScaling
 .text.HAL_RCC_OscConfig
                0x00000000080022f0      0x7cc ./Drivers/STM32L4xx_HAL_Driver/Src/stm32l4xx_hal_rcc.o
                0x00000000080022f0                HAL_RCC_OscConfig
 .text.HAL_RCC_ClockConfig
                0x0000000008002abc      0x1c4 ./Drivers/STM32L4xx_HAL_Driver/Src/stm32l4xx_hal_rcc.o
                0x0000000008002abc                HAL_RCC_ClockConfig
 .text.HAL_RCC_GetSysClockFreq
                0x0000000008002c80      0x118 ./Drivers/STM32L4xx_HAL_Driver/Src/stm32l4xx_hal_rcc.o
                0x0000000008002c80                HAL_RCC_GetSysClockFreq
 .text.HAL_RCC_GetHCLKFreq
                0x0000000008002d98       0x18 ./Drivers/STM32L4xx_HAL_Driver/Src/stm32l4xx_hal_rcc.o
                0x0000000008002d98                HAL_RCC_GetHCLKFreq
 .text.HAL_RCC_GetPCLK1Freq
                0x0000000008002db0       0x2c ./Drivers/STM32L4xx_HAL_Driver/Src/stm32l4xx_hal_rcc.o
                0x0000000008002db0                HAL_RCC_GetPCLK1Freq
 .text.HAL_RCC_GetPCLK2Freq
                0x0000000008002ddc       0x2c ./Drivers/STM32L4xx_HAL_Driver/Src/stm32l4xx_hal_rcc.o
                0x0000000008002ddc                HAL_RCC_GetPCLK2Freq
 .text.RCC_SetFlashLatencyFromMSIRange
                0x0000000008002e08       0xc0 ./Drivers/STM32L4xx_HAL_Driver/Src/stm32l4xx_hal_rcc.o
 .text.HAL_RCCEx_PeriphCLKConfig
                0x0000000008002ec8      0x5d4 ./Drivers/STM32L4xx_HAL_Driver/Src/stm32l4xx_hal_rcc_ex.o
                0x0000000008002ec8                HAL_RCCEx_PeriphCLKConfig
 .text.RCCEx_PLLSAI1_Config
                0x000000000800349c      0x1e8 ./Drivers/STM32L4xx_HAL_Driver/Src/stm32l4xx_hal_rcc_ex.o
 .text.RCCEx_PLLSAI2_Config
                0x0000000008003684      0x1bc ./Drivers/STM32L4xx_HAL_Driver/Src/stm32l4xx_hal_rcc_ex.o
 .text.HAL_UART_Init
                0x0000000008003840       0x9c ./Drivers/STM32L4xx_HAL_Driver/Src/stm32l4xx_hal_uart.o
                0x0000000008003840                HAL_UART_Init
 .text.HAL_UART_Receive_IT
                0x00000000080038dc       0x88 ./Drivers/STM32L4xx_HAL_Driver/Src/stm32l4xx_hal_uart.o
                0x00000000080038dc                HAL_UART_Receive_IT
 .text.HAL_UART_IRQHandler
                0x0000000008003964      0x404 ./Drivers/STM32L4xx_HAL_Driver/Src/stm32l4xx_hal_uart.o
                0x0000000008003964                HAL_UART_IRQHandler
 .text.HAL_UART_TxCpltCallback
                0x0000000008003d68       0x14 ./Drivers/STM32L4xx_HAL_Driver/Src/stm32l4xx_hal_uart.o
                0x0000000008003d68                HAL_UART_TxCpltCallback
 .text.HAL_UART_ErrorCallback
                0x0000000008003d7c       0x14 ./Drivers/STM32L4xx_HAL_Driver/Src/stm32l4xx_hal_uart.o
                0x0000000008003d7c                HAL_UART_ErrorCallback
 .text.HAL_UARTEx_RxEventCallback
                0x0000000008003d90       0x18 ./Drivers/STM32L4xx_HAL_Driver/Src/stm32l4xx_hal_uart.o
                0x0000000008003d90                HAL_UARTEx_RxEventCallback
 .text.UART_SetConfig
                0x0000000008003da8      0x514 ./Drivers/STM32L4xx_HAL_Driver/Src/stm32l4xx_hal_uart.o
                0x0000000008003da8                UART_SetConfig
 .text.UART_AdvFeatureConfig
                0x00000000080042bc      0x144 ./Drivers/STM32L4xx_HAL_Driver/Src/stm32l4xx_hal_uart.o
                0x00000000080042bc                UART_AdvFeatureConfig
 .text.UART_CheckIdleState
                0x0000000008004400       0x92 ./Drivers/STM32L4xx_HAL_Driver/Src/stm32l4xx_hal_uart.o
                0x0000000008004400                UART_CheckIdleState
 .text.UART_WaitOnFlagUntilTimeout
                0x0000000008004492       0xf8 ./Drivers/STM32L4xx_HAL_Driver/Src/stm32l4xx_hal_uart.o
                0x0000000008004492                UART_WaitOnFlagUntilTimeout
 *fill*         0x000000000800458a        0x2 
 .text.UART_Start_Receive_IT
                0x000000000800458c      0x110 ./Drivers/STM32L4xx_HAL_Driver/Src/stm32l4xx_hal_uart.o
                0x000000000800458c                UART_Start_Receive_IT
 .text.UART_EndRxTransfer
                0x000000000800469c       0x5e ./Drivers/STM32L4xx_HAL_Driver/Src/stm32l4xx_hal_uart.o
 .text.UART_DMAAbortOnError
                0x00000000080046fa       0x2c ./Drivers/STM32L4xx_HAL_Driver/Src/stm32l4xx_hal_uart.o
 .text.UART_EndTransmit_IT
                0x0000000008004726       0x32 ./Drivers/STM32L4xx_HAL_Driver/Src/stm32l4xx_hal_uart.o
 .text.UART_RxISR_8BIT
                0x0000000008004758       0xd8 ./Drivers/STM32L4xx_HAL_Driver/Src/stm32l4xx_hal_uart.o
 .text.UART_RxISR_16BIT
                0x0000000008004830       0xd8 ./Drivers/STM32L4xx_HAL_Driver/Src/stm32l4xx_hal_uart.o
 .text.HAL_UARTEx_WakeupCallback
                0x0000000008004908       0x14 ./Drivers/STM32L4xx_HAL_Driver/Src/stm32l4xx_hal_uart_ex.o
                0x0000000008004908                HAL_UARTEx_WakeupCallback
 .text.__libc_init_array
                0x000000000800491c       0x48 /opt/st/stm32cubeide_1.7.0/plugins/com.st.stm32cube.ide.mcu.externaltools.gnu-tools-for-stm32.9-2020-q2-update.linux64_2.0.0.202105311346/tools/bin/../lib/gcc/arm-none-eabi/9.3.1/../../../../arm-none-eabi/lib/thumb/v7e-m+fp/hard/libc_nano.a(lib_a-init.o)
                0x000000000800491c                __libc_init_array
 .text.memset   0x0000000008004964       0x10 /opt/st/stm32cubeide_1.7.0/plugins/com.st.stm32cube.ide.mcu.externaltools.gnu-tools-for-stm32.9-2020-q2-update.linux64_2.0.0.202105311346/tools/bin/../lib/gcc/arm-none-eabi/9.3.1/../../../../arm-none-eabi/lib/thumb/v7e-m+fp/hard/libc_nano.a(lib_a-memset.o)
                0x0000000008004964                memset
 *(.glue_7)
 .glue_7        0x0000000008004974        0x0 linker stubs
 *(.glue_7t)
 .glue_7t       0x0000000008004974        0x0 linker stubs
 *(.eh_frame)
 .eh_frame      0x0000000008004974        0x0 /opt/st/stm32cubeide_1.7.0/plugins/com.st.stm32cube.ide.mcu.externaltools.gnu-tools-for-stm32.9-2020-q2-update.linux64_2.0.0.202105311346/tools/bin/../lib/gcc/arm-none-eabi/9.3.1/thumb/v7e-m+fp/hard/crtbegin.o
 *(.init)
 .init          0x0000000008004974        0x4 /opt/st/stm32cubeide_1.7.0/plugins/com.st.stm32cube.ide.mcu.externaltools.gnu-tools-for-stm32.9-2020-q2-update.linux64_2.0.0.202105311346/tools/bin/../lib/gcc/arm-none-eabi/9.3.1/thumb/v7e-m+fp/hard/crti.o
                0x0000000008004974                _init
 .init          0x0000000008004978        0x8 /opt/st/stm32cubeide_1.7.0/plugins/com.st.stm32cube.ide.mcu.externaltools.gnu-tools-for-stm32.9-2020-q2-update.linux64_2.0.0.202105311346/tools/bin/../lib/gcc/arm-none-eabi/9.3.1/thumb/v7e-m+fp/hard/crtn.o
 *(.fini)
 .fini          0x0000000008004980        0x4 /opt/st/stm32cubeide_1.7.0/plugins/com.st.stm32cube.ide.mcu.externaltools.gnu-tools-for-stm32.9-2020-q2-update.linux64_2.0.0.202105311346/tools/bin/../lib/gcc/arm-none-eabi/9.3.1/thumb/v7e-m+fp/hard/crti.o
                0x0000000008004980                _fini
 .fini          0x0000000008004984        0x8 /opt/st/stm32cubeide_1.7.0/plugins/com.st.stm32cube.ide.mcu.externaltools.gnu-tools-for-stm32.9-2020-q2-update.linux64_2.0.0.202105311346/tools/bin/../lib/gcc/arm-none-eabi/9.3.1/thumb/v7e-m+fp/hard/crtn.o
                0x000000000800498c                . = ALIGN (0x4)
                0x000000000800498c                _etext = .

.vfp11_veneer   0x000000000800498c        0x0
 .vfp11_veneer  0x000000000800498c        0x0 linker stubs

.v4_bx          0x000000000800498c        0x0
 .v4_bx         0x000000000800498c        0x0 linker stubs

.iplt           0x000000000800498c        0x0
 .iplt          0x000000000800498c        0x0 /opt/st/stm32cubeide_1.7.0/plugins/com.st.stm32cube.ide.mcu.externaltools.gnu-tools-for-stm32.9-2020-q2-update.linux64_2.0.0.202105311346/tools/bin/../lib/gcc/arm-none-eabi/9.3.1/thumb/v7e-m+fp/hard/crtbegin.o

.rodata         0x000000000800498c       0x48
                0x000000000800498c                . = ALIGN (0x4)
 *(.rodata)
 *(.rodata*)
 .rodata.AHBPrescTable
                0x000000000800498c       0x10 ./Core/Src/system_stm32l4xx.o
                0x000000000800498c                AHBPrescTable
 .rodata.APBPrescTable
                0x000000000800499c        0x8 ./Core/Src/system_stm32l4xx.o
                0x000000000800499c                APBPrescTable
 .rodata.MSIRangeTable
                0x00000000080049a4       0x30 ./Core/Src/system_stm32l4xx.o
                0x00000000080049a4                MSIRangeTable
                0x00000000080049d4                . = ALIGN (0x4)

.ARM.extab      0x00000000080049d4        0x0
                0x00000000080049d4                . = ALIGN (0x4)
 *(.ARM.extab* .gnu.linkonce.armextab.*)
                0x00000000080049d4                . = ALIGN (0x4)

.ARM            0x00000000080049d4        0x8
                0x00000000080049d4                . = ALIGN (0x4)
                0x00000000080049d4                __exidx_start = .
 *(.ARM.exidx*)
 .ARM.exidx     0x00000000080049d4        0x8 /opt/st/stm32cubeide_1.7.0/plugins/com.st.stm32cube.ide.mcu.externaltools.gnu-tools-for-stm32.9-2020-q2-update.linux64_2.0.0.202105311346/tools/bin/../lib/gcc/arm-none-eabi/9.3.1/thumb/v7e-m+fp/hard/libgcc.a(_udivmoddi4.o)
                0x00000000080049dc                __exidx_end = .
                0x00000000080049dc                . = ALIGN (0x4)

.rel.dyn        0x00000000080049dc        0x0
 .rel.iplt      0x00000000080049dc        0x0 /opt/st/stm32cubeide_1.7.0/plugins/com.st.stm32cube.ide.mcu.externaltools.gnu-tools-for-stm32.9-2020-q2-update.linux64_2.0.0.202105311346/tools/bin/../lib/gcc/arm-none-eabi/9.3.1/thumb/v7e-m+fp/hard/crtbegin.o

.preinit_array  0x00000000080049dc        0x0
                0x00000000080049dc                . = ALIGN (0x4)
                0x00000000080049dc                PROVIDE (__preinit_array_start = .)
 *(.preinit_array*)
                0x00000000080049dc                PROVIDE (__preinit_array_end = .)
                0x00000000080049dc                . = ALIGN (0x4)

.init_array     0x00000000080049dc        0x4
                0x00000000080049dc                . = ALIGN (0x4)
                0x00000000080049dc                PROVIDE (__init_array_start = .)
 *(SORT_BY_NAME(.init_array.*))
 *(.init_array*)
 .init_array    0x00000000080049dc        0x4 /opt/st/stm32cubeide_1.7.0/plugins/com.st.stm32cube.ide.mcu.externaltools.gnu-tools-for-stm32.9-2020-q2-update.linux64_2.0.0.202105311346/tools/bin/../lib/gcc/arm-none-eabi/9.3.1/thumb/v7e-m+fp/hard/crtbegin.o
                0x00000000080049e0                PROVIDE (__init_array_end = .)
                0x00000000080049e0                . = ALIGN (0x4)

.fini_array     0x00000000080049e0        0x4
                0x00000000080049e0                . = ALIGN (0x4)
                [!provide]                        PROVIDE (__fini_array_start = .)
 *(SORT_BY_NAME(.fini_array.*))
 *(.fini_array*)
 .fini_array    0x00000000080049e0        0x4 /opt/st/stm32cubeide_1.7.0/plugins/com.st.stm32cube.ide.mcu.externaltools.gnu-tools-for-stm32.9-2020-q2-update.linux64_2.0.0.202105311346/tools/bin/../lib/gcc/arm-none-eabi/9.3.1/thumb/v7e-m+fp/hard/crtbegin.o
                [!provide]                        PROVIDE (__fini_array_end = .)
                0x00000000080049e4                . = ALIGN (0x4)
                0x00000000080049e4                _sidata = LOADADDR (.data)

.data           0x0000000020000000       0x64 load address 0x00000000080049e4
                0x0000000020000000                . = ALIGN (0x4)
                0x0000000020000000                _sdata = .
 *(.data)
 *(.data*)
 .data.midi_note_number_offset
                0x0000000020000000        0x1 ./Core/Src/main.o
                0x0000000020000000                midi_note_number_offset
 .data.number_of_notes
                0x0000000020000001        0x1 ./Core/Src/main.o
                0x0000000020000001                number_of_notes
 .data.current_pitch_bend
                0x0000000020000002        0x2 ./Core/Src/main.o
                0x0000000020000002                current_pitch_bend
 .data.dor_values
                0x0000000020000004       0x42 ./Core/Src/main.o
                0x0000000020000004                dor_values
 *fill*         0x0000000020000046        0x2 
 .data.my_circ_buf
                0x0000000020000048       0x10 ./Core/Src/main.o
                0x0000000020000048                my_circ_buf
 .data.SystemCoreClock
                0x0000000020000058        0x4 ./Core/Src/system_stm32l4xx.o
                0x0000000020000058                SystemCoreClock
 .data.uwTickPrio
                0x000000002000005c        0x4 ./Drivers/STM32L4xx_HAL_Driver/Src/stm32l4xx_hal.o
                0x000000002000005c                uwTickPrio
 .data.uwTickFreq
                0x0000000020000060        0x1 ./Drivers/STM32L4xx_HAL_Driver/Src/stm32l4xx_hal.o
                0x0000000020000060                uwTickFreq
 *(.RamFunc)
 *(.RamFunc*)
                0x0000000020000064                . = ALIGN (0x4)
 *fill*         0x0000000020000061        0x3 
                0x0000000020000064                _edata = .

.igot.plt       0x0000000020000064        0x0 load address 0x0000000008004a48
 .igot.plt      0x0000000020000064        0x0 /opt/st/stm32cubeide_1.7.0/plugins/com.st.stm32cube.ide.mcu.externaltools.gnu-tools-for-stm32.9-2020-q2-update.linux64_2.0.0.202105311346/tools/bin/../lib/gcc/arm-none-eabi/9.3.1/thumb/v7e-m+fp/hard/crtbegin.o
                0x0000000020000064                . = ALIGN (0x4)

.bss            0x0000000020000064      0x154 load address 0x0000000008004a48
                0x0000000020000064                _sbss = .
                0x0000000020000064                __bss_start__ = _sbss
 *(.bss)
 .bss           0x0000000020000064       0x1c /opt/st/stm32cubeide_1.7.0/plugins/com.st.stm32cube.ide.mcu.externaltools.gnu-tools-for-stm32.9-2020-q2-update.linux64_2.0.0.202105311346/tools/bin/../lib/gcc/arm-none-eabi/9.3.1/thumb/v7e-m+fp/hard/crtbegin.o
 *(.bss*)
 .bss.current_note
                0x0000000020000080        0x1 ./Core/Src/main.o
                0x0000000020000080                current_note
 *(COMMON)
 *fill*         0x0000000020000081        0x3 
 COMMON         0x0000000020000084      0x12d ./Core/Src/main.o
                0x0000000020000084                hdac1
                0x0000000020000098                huart1
                0x000000002000011c                my_circ_buf_data_space
                0x000000002000012c                huart2
                0x00000000200001b0                received
 *fill*         0x00000000200001b1        0x3 
 COMMON         0x00000000200001b4        0x4 ./Drivers/STM32L4xx_HAL_Driver/Src/stm32l4xx_hal.o
                0x00000000200001b4                uwTick
                0x00000000200001b8                . = ALIGN (0x4)
                0x00000000200001b8                _ebss = .
                0x00000000200001b8                __bss_end__ = _ebss

._user_heap_stack
                0x00000000200001b8      0x600 load address 0x0000000008004a48
                0x00000000200001b8                . = ALIGN (0x8)
                [!provide]                        PROVIDE (end = .)
                0x00000000200001b8                PROVIDE (_end = .)
                0x00000000200003b8                . = (. + _Min_Heap_Size)
 *fill*         0x00000000200001b8      0x200 
                0x00000000200007b8                . = (. + _Min_Stack_Size)
 *fill*         0x00000000200003b8      0x400 
                0x00000000200007b8                . = ALIGN (0x8)

/DISCARD/
 libc.a(*)
 libm.a(*)
 libgcc.a(*)

.ARM.attributes
                0x0000000000000000       0x30
 *(.ARM.attributes)
 .ARM.attributes
                0x0000000000000000       0x1e /opt/st/stm32cubeide_1.7.0/plugins/com.st.stm32cube.ide.mcu.externaltools.gnu-tools-for-stm32.9-2020-q2-update.linux64_2.0.0.202105311346/tools/bin/../lib/gcc/arm-none-eabi/9.3.1/thumb/v7e-m+fp/hard/crti.o
 .ARM.attributes
                0x000000000000001e       0x34 /opt/st/stm32cubeide_1.7.0/plugins/com.st.stm32cube.ide.mcu.externaltools.gnu-tools-for-stm32.9-2020-q2-update.linux64_2.0.0.202105311346/tools/bin/../lib/gcc/arm-none-eabi/9.3.1/thumb/v7e-m+fp/hard/crtbegin.o
 .ARM.attributes
                0x0000000000000052       0x34 ./Core/Src/main.o
 .ARM.attributes
                0x0000000000000086       0x34 ./Core/Src/stm32l4xx_hal_msp.o
 .ARM.attributes
                0x00000000000000ba       0x34 ./Core/Src/stm32l4xx_it.o
 .ARM.attributes
                0x00000000000000ee       0x34 ./Core/Src/system_stm32l4xx.o
 .ARM.attributes
                0x0000000000000122       0x21 ./Core/Startup/startup_stm32l476rgtx.o
 .ARM.attributes
                0x0000000000000143       0x34 ./Drivers/STM32L4xx_HAL_Driver/Src/stm32l4xx_hal.o
 .ARM.attributes
                0x0000000000000177       0x34 ./Drivers/STM32L4xx_HAL_Driver/Src/stm32l4xx_hal_cortex.o
 .ARM.attributes
                0x00000000000001ab       0x34 ./Drivers/STM32L4xx_HAL_Driver/Src/stm32l4xx_hal_dac.o
 .ARM.attributes
                0x00000000000001df       0x34 ./Drivers/STM32L4xx_HAL_Driver/Src/stm32l4xx_hal_dma.o
 .ARM.attributes
                0x0000000000000213       0x34 ./Drivers/STM32L4xx_HAL_Driver/Src/stm32l4xx_hal_gpio.o
 .ARM.attributes
                0x0000000000000247       0x34 ./Drivers/STM32L4xx_HAL_Driver/Src/stm32l4xx_hal_pwr_ex.o
 .ARM.attributes
                0x000000000000027b       0x34 ./Drivers/STM32L4xx_HAL_Driver/Src/stm32l4xx_hal_rcc.o
 .ARM.attributes
                0x00000000000002af       0x34 ./Drivers/STM32L4xx_HAL_Driver/Src/stm32l4xx_hal_rcc_ex.o
 .ARM.attributes
                0x00000000000002e3       0x34 ./Drivers/STM32L4xx_HAL_Driver/Src/stm32l4xx_hal_uart.o
 .ARM.attributes
                0x0000000000000317       0x34 ./Drivers/STM32L4xx_HAL_Driver/Src/stm32l4xx_hal_uart_ex.o
 .ARM.attributes
                0x000000000000034b       0x34 /opt/st/stm32cubeide_1.7.0/plugins/com.st.stm32cube.ide.mcu.externaltools.gnu-tools-for-stm32.9-2020-q2-update.linux64_2.0.0.202105311346/tools/bin/../lib/gcc/arm-none-eabi/9.3.1/../../../../arm-none-eabi/lib/thumb/v7e-m+fp/hard/libc_nano.a(lib_a-init.o)
 .ARM.attributes
                0x000000000000037f       0x34 /opt/st/stm32cubeide_1.7.0/plugins/com.st.stm32cube.ide.mcu.externaltools.gnu-tools-for-stm32.9-2020-q2-update.linux64_2.0.0.202105311346/tools/bin/../lib/gcc/arm-none-eabi/9.3.1/../../../../arm-none-eabi/lib/thumb/v7e-m+fp/hard/libc_nano.a(lib_a-memset.o)
 .ARM.attributes
                0x00000000000003b3       0x1e /opt/st/stm32cubeide_1.7.0/plugins/com.st.stm32cube.ide.mcu.externaltools.gnu-tools-for-stm32.9-2020-q2-update.linux64_2.0.0.202105311346/tools/bin/../lib/gcc/arm-none-eabi/9.3.1/thumb/v7e-m+fp/hard/libgcc.a(_arm_addsubdf3.o)
 .ARM.attributes
                0x00000000000003d1       0x1e /opt/st/stm32cubeide_1.7.0/plugins/com.st.stm32cube.ide.mcu.externaltools.gnu-tools-for-stm32.9-2020-q2-update.linux64_2.0.0.202105311346/tools/bin/../lib/gcc/arm-none-eabi/9.3.1/thumb/v7e-m+fp/hard/libgcc.a(_arm_muldivdf3.o)
 .ARM.attributes
                0x00000000000003ef       0x1e /opt/st/stm32cubeide_1.7.0/plugins/com.st.stm32cube.ide.mcu.externaltools.gnu-tools-for-stm32.9-2020-q2-update.linux64_2.0.0.202105311346/tools/bin/../lib/gcc/arm-none-eabi/9.3.1/thumb/v7e-m+fp/hard/libgcc.a(_arm_truncdfsf2.o)
 .ARM.attributes
                0x000000000000040d       0x1e /opt/st/stm32cubeide_1.7.0/plugins/com.st.stm32cube.ide.mcu.externaltools.gnu-tools-for-stm32.9-2020-q2-update.linux64_2.0.0.202105311346/tools/bin/../lib/gcc/arm-none-eabi/9.3.1/thumb/v7e-m+fp/hard/libgcc.a(_aeabi_uldivmod.o)
 .ARM.attributes
                0x000000000000042b       0x34 /opt/st/stm32cubeide_1.7.0/plugins/com.st.stm32cube.ide.mcu.externaltools.gnu-tools-for-stm32.9-2020-q2-update.linux64_2.0.0.202105311346/tools/bin/../lib/gcc/arm-none-eabi/9.3.1/thumb/v7e-m+fp/hard/libgcc.a(_udivmoddi4.o)
 .ARM.attributes
                0x000000000000045f       0x1e /opt/st/stm32cubeide_1.7.0/plugins/com.st.stm32cube.ide.mcu.externaltools.gnu-tools-for-stm32.9-2020-q2-update.linux64_2.0.0.202105311346/tools/bin/../lib/gcc/arm-none-eabi/9.3.1/thumb/v7e-m+fp/hard/libgcc.a(_dvmd_tls.o)
 .ARM.attributes
                0x000000000000047d       0x1e /opt/st/stm32cubeide_1.7.0/plugins/com.st.stm32cube.ide.mcu.externaltools.gnu-tools-for-stm32.9-2020-q2-update.linux64_2.0.0.202105311346/tools/bin/../lib/gcc/arm-none-eabi/9.3.1/thumb/v7e-m+fp/hard/crtn.o
OUTPUT(MIDI.elf elf32-littlearm)
LOAD linker stubs
LOAD /opt/st/stm32cubeide_1.7.0/plugins/com.st.stm32cube.ide.mcu.externaltools.gnu-tools-for-stm32.9-2020-q2-update.linux64_2.0.0.202105311346/tools/bin/../lib/gcc/arm-none-eabi/9.3.1/../../../../arm-none-eabi/lib/thumb/v7e-m+fp/hard/libc.a
LOAD /opt/st/stm32cubeide_1.7.0/plugins/com.st.stm32cube.ide.mcu.externaltools.gnu-tools-for-stm32.9-2020-q2-update.linux64_2.0.0.202105311346/tools/bin/../lib/gcc/arm-none-eabi/9.3.1/../../../../arm-none-eabi/lib/thumb/v7e-m+fp/hard/libm.a
LOAD /opt/st/stm32cubeide_1.7.0/plugins/com.st.stm32cube.ide.mcu.externaltools.gnu-tools-for-stm32.9-2020-q2-update.linux64_2.0.0.202105311346/tools/bin/../lib/gcc/arm-none-eabi/9.3.1/thumb/v7e-m+fp/hard/libgcc.a

.debug_info     0x0000000000000000     0xd162
 .debug_info    0x0000000000000000     0x1d28 ./Core/Src/main.o
 .debug_info    0x0000000000001d28     0x13b1 ./Core/Src/stm32l4xx_hal_msp.o
 .debug_info    0x00000000000030d9      0x940 ./Core/Src/stm32l4xx_it.o
 .debug_info    0x0000000000003a19      0x779 ./Core/Src/system_stm32l4xx.o
 .debug_info    0x0000000000004192       0x22 ./Core/Startup/startup_stm32l476rgtx.o
 .debug_info    0x00000000000041b4      0xddb ./Drivers/STM32L4xx_HAL_Driver/Src/stm32l4xx_hal.o
 .debug_info    0x0000000000004f8f     0x102e ./Drivers/STM32L4xx_HAL_Driver/Src/stm32l4xx_hal_cortex.o
 .debug_info    0x0000000000005fbd      0xc85 ./Drivers/STM32L4xx_HAL_Driver/Src/stm32l4xx_hal_dac.o
 .debug_info    0x0000000000006c42      0x973 ./Drivers/STM32L4xx_HAL_Driver/Src/stm32l4xx_hal_dma.o
 .debug_info    0x00000000000075b5      0xa5f ./Drivers/STM32L4xx_HAL_Driver/Src/stm32l4xx_hal_gpio.o
 .debug_info    0x0000000000008014      0xbda ./Drivers/STM32L4xx_HAL_Driver/Src/stm32l4xx_hal_pwr_ex.o
 .debug_info    0x0000000000008bee      0xe0b ./Drivers/STM32L4xx_HAL_Driver/Src/stm32l4xx_hal_rcc.o
 .debug_info    0x00000000000099f9     0x103f ./Drivers/STM32L4xx_HAL_Driver/Src/stm32l4xx_hal_rcc_ex.o
 .debug_info    0x000000000000aa38     0x1ac3 ./Drivers/STM32L4xx_HAL_Driver/Src/stm32l4xx_hal_uart.o
 .debug_info    0x000000000000c4fb      0xc67 ./Drivers/STM32L4xx_HAL_Driver/Src/stm32l4xx_hal_uart_ex.o

.debug_abbrev   0x0000000000000000     0x1e76
 .debug_abbrev  0x0000000000000000      0x390 ./Core/Src/main.o
 .debug_abbrev  0x0000000000000390      0x1b5 ./Core/Src/stm32l4xx_hal_msp.o
 .debug_abbrev  0x0000000000000545      0x163 ./Core/Src/stm32l4xx_it.o
 .debug_abbrev  0x00000000000006a8      0x165 ./Core/Src/system_stm32l4xx.o
 .debug_abbrev  0x000000000000080d       0x12 ./Core/Startup/startup_stm32l476rgtx.o
 .debug_abbrev  0x000000000000081f      0x227 ./Drivers/STM32L4xx_HAL_Driver/Src/stm32l4xx_hal.o
 .debug_abbrev  0x0000000000000a46      0x33c ./Drivers/STM32L4xx_HAL_Driver/Src/stm32l4xx_hal_cortex.o
 .debug_abbrev  0x0000000000000d82      0x1f2 ./Drivers/STM32L4xx_HAL_Driver/Src/stm32l4xx_hal_dac.o
 .debug_abbrev  0x0000000000000f74      0x201 ./Drivers/STM32L4xx_HAL_Driver/Src/stm32l4xx_hal_dma.o
 .debug_abbrev  0x0000000000001175      0x1e8 ./Drivers/STM32L4xx_HAL_Driver/Src/stm32l4xx_hal_gpio.o
 .debug_abbrev  0x000000000000135d      0x1f3 ./Drivers/STM32L4xx_HAL_Driver/Src/stm32l4xx_hal_pwr_ex.o
 .debug_abbrev  0x0000000000001550      0x275 ./Drivers/STM32L4xx_HAL_Driver/Src/stm32l4xx_hal_rcc.o
 .debug_abbrev  0x00000000000017c5      0x268 ./Drivers/STM32L4xx_HAL_Driver/Src/stm32l4xx_hal_rcc_ex.o
 .debug_abbrev  0x0000000000001a2d      0x23f ./Drivers/STM32L4xx_HAL_Driver/Src/stm32l4xx_hal_uart.o
 .debug_abbrev  0x0000000000001c6c      0x20a ./Drivers/STM32L4xx_HAL_Driver/Src/stm32l4xx_hal_uart_ex.o

.debug_aranges  0x0000000000000000      0xab0
 .debug_aranges
                0x0000000000000000       0x98 ./Core/Src/main.o
 .debug_aranges
                0x0000000000000098       0x40 ./Core/Src/stm32l4xx_hal_msp.o
 .debug_aranges
                0x00000000000000d8       0x70 ./Core/Src/stm32l4xx_it.o
 .debug_aranges
                0x0000000000000148       0x28 ./Core/Src/system_stm32l4xx.o
 .debug_aranges
                0x0000000000000170       0x28 ./Core/Startup/startup_stm32l476rgtx.o
 .debug_aranges
                0x0000000000000198      0x130 ./Drivers/STM32L4xx_HAL_Driver/Src/stm32l4xx_hal.o
 .debug_aranges
                0x00000000000002c8      0x118 ./Drivers/STM32L4xx_HAL_Driver/Src/stm32l4xx_hal_cortex.o
 .debug_aranges
                0x00000000000003e0       0xc0 ./Drivers/STM32L4xx_HAL_Driver/Src/stm32l4xx_hal_dac.o
 .debug_aranges
                0x00000000000004a0       0x80 ./Drivers/STM32L4xx_HAL_Driver/Src/stm32l4xx_hal_dma.o
 .debug_aranges
                0x0000000000000520       0x58 ./Drivers/STM32L4xx_HAL_Driver/Src/stm32l4xx_hal_gpio.o
 .debug_aranges
                0x0000000000000578      0x150 ./Drivers/STM32L4xx_HAL_Driver/Src/stm32l4xx_hal_pwr_ex.o
 .debug_aranges
                0x00000000000006c8       0x88 ./Drivers/STM32L4xx_HAL_Driver/Src/stm32l4xx_hal_rcc.o
 .debug_aranges
                0x0000000000000750       0xc0 ./Drivers/STM32L4xx_HAL_Driver/Src/stm32l4xx_hal_rcc_ex.o
 .debug_aranges
                0x0000000000000810      0x228 ./Drivers/STM32L4xx_HAL_Driver/Src/stm32l4xx_hal_uart.o
 .debug_aranges
                0x0000000000000a38       0x78 ./Drivers/STM32L4xx_HAL_Driver/Src/stm32l4xx_hal_uart_ex.o

.debug_ranges   0x0000000000000000      0x9f8
 .debug_ranges  0x0000000000000000       0x88 ./Core/Src/main.o
 .debug_ranges  0x0000000000000088       0x30 ./Core/Src/stm32l4xx_hal_msp.o
 .debug_ranges  0x00000000000000b8       0x60 ./Core/Src/stm32l4xx_it.o
 .debug_ranges  0x0000000000000118       0x18 ./Core/Src/system_stm32l4xx.o
 .debug_ranges  0x0000000000000130       0x20 ./Core/Startup/startup_stm32l476rgtx.o
 .debug_ranges  0x0000000000000150      0x120 ./Drivers/STM32L4xx_HAL_Driver/Src/stm32l4xx_hal.o
 .debug_ranges  0x0000000000000270      0x108 ./Drivers/STM32L4xx_HAL_Driver/Src/stm32l4xx_hal_cortex.o
 .debug_ranges  0x0000000000000378       0xb0 ./Drivers/STM32L4xx_HAL_Driver/Src/stm32l4xx_hal_dac.o
 .debug_ranges  0x0000000000000428       0x70 ./Drivers/STM32L4xx_HAL_Driver/Src/stm32l4xx_hal_dma.o
 .debug_ranges  0x0000000000000498       0x48 ./Drivers/STM32L4xx_HAL_Driver/Src/stm32l4xx_hal_gpio.o
 .debug_ranges  0x00000000000004e0      0x140 ./Drivers/STM32L4xx_HAL_Driver/Src/stm32l4xx_hal_pwr_ex.o
 .debug_ranges  0x0000000000000620       0x78 ./Drivers/STM32L4xx_HAL_Driver/Src/stm32l4xx_hal_rcc.o
 .debug_ranges  0x0000000000000698       0xb0 ./Drivers/STM32L4xx_HAL_Driver/Src/stm32l4xx_hal_rcc_ex.o
 .debug_ranges  0x0000000000000748      0x248 ./Drivers/STM32L4xx_HAL_Driver/Src/stm32l4xx_hal_uart.o
 .debug_ranges  0x0000000000000990       0x68 ./Drivers/STM32L4xx_HAL_Driver/Src/stm32l4xx_hal_uart_ex.o

.debug_macro    0x0000000000000000    0x2643c
 .debug_macro   0x0000000000000000      0x381 ./Core/Src/main.o
 .debug_macro   0x0000000000000381      0xaa8 ./Core/Src/main.o
 .debug_macro   0x0000000000000e29      0x1ad ./Core/Src/main.o
 .debug_macro   0x0000000000000fd6       0x2e ./Core/Src/main.o
 .debug_macro   0x0000000000001004       0x28 ./Core/Src/main.o
 .debug_macro   0x000000000000102c       0x22 ./Core/Src/main.o
 .debug_macro   0x000000000000104e       0x8e ./Core/Src/main.o
 .debug_macro   0x00000000000010dc       0x51 ./Core/Src/main.o
 .debug_macro   0x000000000000112d      0x103 ./Core/Src/main.o
 .debug_macro   0x0000000000001230       0x6a ./Core/Src/main.o
 .debug_macro   0x000000000000129a      0x1df ./Core/Src/main.o
 .debug_macro   0x0000000000001479       0x1c ./Core/Src/main.o
 .debug_macro   0x0000000000001495       0x22 ./Core/Src/main.o
 .debug_macro   0x00000000000014b7      0x101 ./Core/Src/main.o
 .debug_macro   0x00000000000015b8     0x1011 ./Core/Src/main.o
 .debug_macro   0x00000000000025c9      0x11f ./Core/Src/main.o
 .debug_macro   0x00000000000026e8    0x1a13d ./Core/Src/main.o
 .debug_macro   0x000000000001c825       0x43 ./Core/Src/main.o
 .debug_macro   0x000000000001c868     0x3897 ./Core/Src/main.o
 .debug_macro   0x00000000000200ff      0x174 ./Core/Src/main.o
 .debug_macro   0x0000000000020273       0x5c ./Core/Src/main.o
 .debug_macro   0x00000000000202cf     0x155f ./Core/Src/main.o
 .debug_macro   0x000000000002182e      0x59e ./Core/Src/main.o
 .debug_macro   0x0000000000021dcc      0x13d ./Core/Src/main.o
 .debug_macro   0x0000000000021f09      0x18b ./Core/Src/main.o
 .debug_macro   0x0000000000022094      0x26b ./Core/Src/main.o
 .debug_macro   0x00000000000222ff      0x23d ./Core/Src/main.o
 .debug_macro   0x000000000002253c      0x153 ./Core/Src/main.o
 .debug_macro   0x000000000002268f       0xd8 ./Core/Src/main.o
 .debug_macro   0x0000000000022767      0x241 ./Core/Src/main.o
 .debug_macro   0x00000000000229a8      0x37c ./Core/Src/main.o
 .debug_macro   0x0000000000022d24       0xd6 ./Core/Src/main.o
 .debug_macro   0x0000000000022dfa      0x22c ./Core/Src/main.o
 .debug_macro   0x0000000000023026       0x61 ./Core/Src/main.o
 .debug_macro   0x0000000000023087       0xa5 ./Core/Src/main.o
 .debug_macro   0x000000000002312c      0x122 ./Core/Src/main.o
 .debug_macro   0x000000000002324e      0x3e9 ./Core/Src/main.o
 .debug_macro   0x0000000000023637      0x5ba ./Core/Src/main.o
 .debug_macro   0x0000000000023bf1       0x44 ./Core/Src/main.o
 .debug_macro   0x0000000000023c35      0x331 ./Core/Src/main.o
 .debug_macro   0x0000000000023f66       0x64 ./Core/Src/main.o
 .debug_macro   0x0000000000023fca       0x52 ./Core/Src/main.o
 .debug_macro   0x000000000002401c       0x18 ./Core/Src/main.o
 .debug_macro   0x0000000000024034       0x3c ./Core/Src/main.o
 .debug_macro   0x0000000000024070       0x34 ./Core/Src/main.o
 .debug_macro   0x00000000000240a4       0x16 ./Core/Src/main.o
 .debug_macro   0x00000000000240ba       0x35 ./Core/Src/main.o
 .debug_macro   0x00000000000240ef      0x333 ./Core/Src/main.o
 .debug_macro   0x0000000000024422       0x10 ./Core/Src/main.o
 .debug_macro   0x0000000000024432       0x16 ./Core/Src/main.o
 .debug_macro   0x0000000000024448       0x43 ./Core/Src/main.o
 .debug_macro   0x000000000002448b       0x34 ./Core/Src/main.o
 .debug_macro   0x00000000000244bf       0x10 ./Core/Src/main.o
 .debug_macro   0x00000000000244cf       0x58 ./Core/Src/main.o
 .debug_macro   0x0000000000024527       0x71 ./Core/Src/main.o
 .debug_macro   0x0000000000024598       0x1c ./Core/Src/main.o
 .debug_macro   0x00000000000245b4      0x12a ./Core/Src/main.o
 .debug_macro   0x00000000000246de       0x10 ./Core/Src/main.o
 .debug_macro   0x00000000000246ee       0x1c ./Core/Src/main.o
 .debug_macro   0x000000000002470a       0x52 ./Core/Src/main.o
 .debug_macro   0x000000000002475c       0x22 ./Core/Src/main.o
 .debug_macro   0x000000000002477e       0x10 ./Core/Src/main.o
 .debug_macro   0x000000000002478e       0x40 ./Core/Src/main.o
 .debug_macro   0x00000000000247ce       0xd5 ./Core/Src/main.o
 .debug_macro   0x00000000000248a3       0x1c ./Core/Src/main.o
 .debug_macro   0x00000000000248bf       0x3d ./Core/Src/main.o
 .debug_macro   0x00000000000248fc       0x16 ./Core/Src/main.o
 .debug_macro   0x0000000000024912      0x145 ./Core/Src/main.o
 .debug_macro   0x0000000000024a57       0x16 ./Core/Src/main.o
 .debug_macro   0x0000000000024a6d       0x16 ./Core/Src/main.o
 .debug_macro   0x0000000000024a83       0x29 ./Core/Src/main.o
 .debug_macro   0x0000000000024aac      0x1e8 ./Core/Src/stm32l4xx_hal_msp.o
 .debug_macro   0x0000000000024c94      0x1f2 ./Core/Src/stm32l4xx_it.o
 .debug_macro   0x0000000000024e86      0x1d9 ./Core/Src/system_stm32l4xx.o
 .debug_macro   0x000000000002505f      0x227 ./Drivers/STM32L4xx_HAL_Driver/Src/stm32l4xx_hal.o
 .debug_macro   0x0000000000025286      0x1d9 ./Drivers/STM32L4xx_HAL_Driver/Src/stm32l4xx_hal_cortex.o
 .debug_macro   0x000000000002545f      0x1e8 ./Drivers/STM32L4xx_HAL_Driver/Src/stm32l4xx_hal_dac.o
 .debug_macro   0x0000000000025647      0x1d9 ./Drivers/STM32L4xx_HAL_Driver/Src/stm32l4xx_hal_dma.o
 .debug_macro   0x0000000000025820      0x218 ./Drivers/STM32L4xx_HAL_Driver/Src/stm32l4xx_hal_gpio.o
 .debug_macro   0x0000000000025a38      0x1fd ./Drivers/STM32L4xx_HAL_Driver/Src/stm32l4xx_hal_pwr_ex.o
 .debug_macro   0x0000000000025c35      0x21b ./Drivers/STM32L4xx_HAL_Driver/Src/stm32l4xx_hal_rcc.o
 .debug_macro   0x0000000000025e50      0x20f ./Drivers/STM32L4xx_HAL_Driver/Src/stm32l4xx_hal_rcc_ex.o
 .debug_macro   0x000000000002605f      0x204 ./Drivers/STM32L4xx_HAL_Driver/Src/stm32l4xx_hal_uart.o
 .debug_macro   0x0000000000026263      0x1d9 ./Drivers/STM32L4xx_HAL_Driver/Src/stm32l4xx_hal_uart_ex.o

.debug_line     0x0000000000000000     0xb6c0
 .debug_line    0x0000000000000000      0xc74 ./Core/Src/main.o
 .debug_line    0x0000000000000c74      0x7c0 ./Core/Src/stm32l4xx_hal_msp.o
 .debug_line    0x0000000000001434      0x7c7 ./Core/Src/stm32l4xx_it.o
 .debug_line    0x0000000000001bfb      0x785 ./Core/Src/system_stm32l4xx.o
 .debug_line    0x0000000000002380       0x87 ./Core/Startup/startup_stm32l476rgtx.o
 .debug_line    0x0000000000002407      0xac5 ./Drivers/STM32L4xx_HAL_Driver/Src/stm32l4xx_hal.o
 .debug_line    0x0000000000002ecc      0xc6b ./Drivers/STM32L4xx_HAL_Driver/Src/stm32l4xx_hal_cortex.o
 .debug_line    0x0000000000003b37      0xb9d ./Drivers/STM32L4xx_HAL_Driver/Src/stm32l4xx_hal_dac.o
 .debug_line    0x00000000000046d4      0xca3 ./Drivers/STM32L4xx_HAL_Driver/Src/stm32l4xx_hal_dma.o
 .debug_line    0x0000000000005377      0xb3e ./Drivers/STM32L4xx_HAL_Driver/Src/stm32l4xx_hal_gpio.o
 .debug_line    0x0000000000005eb5      0xc80 ./Drivers/STM32L4xx_HAL_Driver/Src/stm32l4xx_hal_pwr_ex.o
 .debug_line    0x0000000000006b35      0xf08 ./Drivers/STM32L4xx_HAL_Driver/Src/stm32l4xx_hal_rcc.o
 .debug_line    0x0000000000007a3d     0x147d ./Drivers/STM32L4xx_HAL_Driver/Src/stm32l4xx_hal_rcc_ex.o
 .debug_line    0x0000000000008eba     0x1d55 ./Drivers/STM32L4xx_HAL_Driver/Src/stm32l4xx_hal_uart.o
 .debug_line    0x000000000000ac0f      0xab1 ./Drivers/STM32L4xx_HAL_Driver/Src/stm32l4xx_hal_uart_ex.o

.debug_str      0x0000000000000000    0xeb407
 .debug_str     0x0000000000000000    0xe84cf ./Core/Src/main.o
                                      0xe8892 (size before relaxing)
 .debug_str     0x00000000000e84cf      0x710 ./Core/Src/stm32l4xx_hal_msp.o
                                      0xe49bb (size before relaxing)
 .debug_str     0x00000000000e8bdf       0xe1 ./Core/Src/stm32l4xx_it.o
                                      0xe3fe0 (size before relaxing)
 .debug_str     0x00000000000e8cc0       0xb8 ./Core/Src/system_stm32l4xx.o
                                      0xe3ba6 (size before relaxing)
 .debug_str     0x00000000000e8d78       0x36 ./Core/Startup/startup_stm32l476rgtx.o
                                         0x75 (size before relaxing)
 .debug_str     0x00000000000e8dae      0x619 ./Drivers/STM32L4xx_HAL_Driver/Src/stm32l4xx_hal.o
                                      0xe4711 (size before relaxing)
 .debug_str     0x00000000000e93c7      0x389 ./Drivers/STM32L4xx_HAL_Driver/Src/stm32l4xx_hal_cortex.o
                                      0xe4415 (size before relaxing)
 .debug_str     0x00000000000e9750      0x20a ./Drivers/STM32L4xx_HAL_Driver/Src/stm32l4xx_hal_dac.o
                                      0xe3ff7 (size before relaxing)
 .debug_str     0x00000000000e995a      0x253 ./Drivers/STM32L4xx_HAL_Driver/Src/stm32l4xx_hal_dma.o
                                      0xe3e19 (size before relaxing)
 .debug_str     0x00000000000e9bad      0x236 ./Drivers/STM32L4xx_HAL_Driver/Src/stm32l4xx_hal_gpio.o
                                      0xe3e40 (size before relaxing)
 .debug_str     0x00000000000e9de3      0x4b4 ./Drivers/STM32L4xx_HAL_Driver/Src/stm32l4xx_hal_pwr_ex.o
                                      0xe40dc (size before relaxing)
 .debug_str     0x00000000000ea297      0x34e ./Drivers/STM32L4xx_HAL_Driver/Src/stm32l4xx_hal_rcc.o
                                      0xe4183 (size before relaxing)
 .debug_str     0x00000000000ea5e5      0x3a6 ./Drivers/STM32L4xx_HAL_Driver/Src/stm32l4xx_hal_rcc_ex.o
                                      0xe4314 (size before relaxing)
 .debug_str     0x00000000000ea98b      0x896 ./Drivers/STM32L4xx_HAL_Driver/Src/stm32l4xx_hal_uart.o
                                      0xe4805 (size before relaxing)
 .debug_str     0x00000000000eb221      0x1e6 ./Drivers/STM32L4xx_HAL_Driver/Src/stm32l4xx_hal_uart_ex.o
                                      0xe4015 (size before relaxing)

.comment        0x0000000000000000       0x53
 .comment       0x0000000000000000       0x53 ./Core/Src/main.o
                                         0x54 (size before relaxing)
 .comment       0x0000000000000053       0x54 ./Core/Src/stm32l4xx_hal_msp.o
 .comment       0x0000000000000053       0x54 ./Core/Src/stm32l4xx_it.o
 .comment       0x0000000000000053       0x54 ./Core/Src/system_stm32l4xx.o
 .comment       0x0000000000000053       0x54 ./Drivers/STM32L4xx_HAL_Driver/Src/stm32l4xx_hal.o
 .comment       0x0000000000000053       0x54 ./Drivers/STM32L4xx_HAL_Driver/Src/stm32l4xx_hal_cortex.o
 .comment       0x0000000000000053       0x54 ./Drivers/STM32L4xx_HAL_Driver/Src/stm32l4xx_hal_dac.o
 .comment       0x0000000000000053       0x54 ./Drivers/STM32L4xx_HAL_Driver/Src/stm32l4xx_hal_dma.o
 .comment       0x0000000000000053       0x54 ./Drivers/STM32L4xx_HAL_Driver/Src/stm32l4xx_hal_gpio.o
 .comment       0x0000000000000053       0x54 ./Drivers/STM32L4xx_HAL_Driver/Src/stm32l4xx_hal_pwr_ex.o
 .comment       0x0000000000000053       0x54 ./Drivers/STM32L4xx_HAL_Driver/Src/stm32l4xx_hal_rcc.o
 .comment       0x0000000000000053       0x54 ./Drivers/STM32L4xx_HAL_Driver/Src/stm32l4xx_hal_rcc_ex.o
 .comment       0x0000000000000053       0x54 ./Drivers/STM32L4xx_HAL_Driver/Src/stm32l4xx_hal_uart.o
 .comment       0x0000000000000053       0x54 ./Drivers/STM32L4xx_HAL_Driver/Src/stm32l4xx_hal_uart_ex.o

.debug_frame    0x0000000000000000     0x2bfc
 .debug_frame   0x0000000000000000      0x220 ./Core/Src/main.o
 .debug_frame   0x0000000000000220       0xcc ./Core/Src/stm32l4xx_hal_msp.o
 .debug_frame   0x00000000000002ec      0x13c ./Core/Src/stm32l4xx_it.o
 .debug_frame   0x0000000000000428       0x58 ./Core/Src/system_stm32l4xx.o
 .debug_frame   0x0000000000000480      0x498 ./Drivers/STM32L4xx_HAL_Driver/Src/stm32l4xx_hal.o
 .debug_frame   0x0000000000000918      0x498 ./Drivers/STM32L4xx_HAL_Driver/Src/stm32l4xx_hal_cortex.o
 .debug_frame   0x0000000000000db0      0x338 ./Drivers/STM32L4xx_HAL_Driver/Src/stm32l4xx_hal_dac.o
 .debug_frame   0x00000000000010e8      0x204 ./Drivers/STM32L4xx_HAL_Driver/Src/stm32l4xx_hal_dma.o
 .debug_frame   0x00000000000012ec      0x14c ./Drivers/STM32L4xx_HAL_Driver/Src/stm32l4xx_hal_gpio.o
 .debug_frame   0x0000000000001438      0x544 ./Drivers/STM32L4xx_HAL_Driver/Src/stm32l4xx_hal_pwr_ex.o
 .debug_frame   0x000000000000197c      0x1f4 ./Drivers/STM32L4xx_HAL_Driver/Src/stm32l4xx_hal_rcc.o
 .debug_frame   0x0000000000001b70      0x2fc ./Drivers/STM32L4xx_HAL_Driver/Src/stm32l4xx_hal_rcc_ex.o
 .debug_frame   0x0000000000001e6c      0x9e4 ./Drivers/STM32L4xx_HAL_Driver/Src/stm32l4xx_hal_uart.o
 .debug_frame   0x0000000000002850      0x1e0 ./Drivers/STM32L4xx_HAL_Driver/Src/stm32l4xx_hal_uart_ex.o
 .debug_frame   0x0000000000002a30       0x2c /opt/st/stm32cubeide_1.7.0/plugins/com.st.stm32cube.ide.mcu.externaltools.gnu-tools-for-stm32.9-2020-q2-update.linux64_2.0.0.202105311346/tools/bin/../lib/gcc/arm-none-eabi/9.3.1/../../../../arm-none-eabi/lib/thumb/v7e-m+fp/hard/libc_nano.a(lib_a-init.o)
 .debug_frame   0x0000000000002a5c       0x20 /opt/st/stm32cubeide_1.7.0/plugins/com.st.stm32cube.ide.mcu.externaltools.gnu-tools-for-stm32.9-2020-q2-update.linux64_2.0.0.202105311346/tools/bin/../lib/gcc/arm-none-eabi/9.3.1/../../../../arm-none-eabi/lib/thumb/v7e-m+fp/hard/libc_nano.a(lib_a-memset.o)
 .debug_frame   0x0000000000002a7c       0xac /opt/st/stm32cubeide_1.7.0/plugins/com.st.stm32cube.ide.mcu.externaltools.gnu-tools-for-stm32.9-2020-q2-update.linux64_2.0.0.202105311346/tools/bin/../lib/gcc/arm-none-eabi/9.3.1/thumb/v7e-m+fp/hard/libgcc.a(_arm_addsubdf3.o)
 .debug_frame   0x0000000000002b28       0x50 /opt/st/stm32cubeide_1.7.0/plugins/com.st.stm32cube.ide.mcu.externaltools.gnu-tools-for-stm32.9-2020-q2-update.linux64_2.0.0.202105311346/tools/bin/../lib/gcc/arm-none-eabi/9.3.1/thumb/v7e-m+fp/hard/libgcc.a(_arm_muldivdf3.o)
 .debug_frame   0x0000000000002b78       0x24 /opt/st/stm32cubeide_1.7.0/plugins/com.st.stm32cube.ide.mcu.externaltools.gnu-tools-for-stm32.9-2020-q2-update.linux64_2.0.0.202105311346/tools/bin/../lib/gcc/arm-none-eabi/9.3.1/thumb/v7e-m+fp/hard/libgcc.a(_arm_truncdfsf2.o)
 .debug_frame   0x0000000000002b9c       0x2c /opt/st/stm32cubeide_1.7.0/plugins/com.st.stm32cube.ide.mcu.externaltools.gnu-tools-for-stm32.9-2020-q2-update.linux64_2.0.0.202105311346/tools/bin/../lib/gcc/arm-none-eabi/9.3.1/thumb/v7e-m+fp/hard/libgcc.a(_aeabi_uldivmod.o)
 .debug_frame   0x0000000000002bc8       0x34 /opt/st/stm32cubeide_1.7.0/plugins/com.st.stm32cube.ide.mcu.externaltools.gnu-tools-for-stm32.9-2020-q2-update.linux64_2.0.0.202105311346/tools/bin/../lib/gcc/arm-none-eabi/9.3.1/thumb/v7e-m+fp/hard/libgcc.a(_udivmoddi4.o)
