main.c:87:5:circ_bbuf_push	24	static
main.c:102:5:circ_bbuf_pop	24	static
main.c:117:6:HAL_UART_RxCpltCallback	16	static
main.c:128:6:print_uart	80	static
main.c:137:6:debug_led_set	8	static
main.c:141:6:debug_led_unset	8	static
main.c:145:6:debug_message	16	static
main.c:155:10:calculate_pitch	16	static
main.c:179:10:calculate_modulation	24	static
main.c:184:6:set_gate	8	static
main.c:188:6:unset_gate	8	static
main.c:192:6:set_pitch	16	static
main.c:197:6:set_modulation	16	static
main.c:202:6:parse_MIDI_message	16	static
main.c:298:5:main	8	static
main.c:348:6:SystemClock_Config	96	static
main.c:396:13:MX_DAC1_Init	48	static
main.c:443:13:MX_USART1_UART_Init	8	static
main.c:478:13:MX_USART2_UART_Init	8	static
main.c:513:13:MX_GPIO_Init	48	static
main.c:559:6:Error_Handler	4	static,ignoring_inline_asm
