main.c:88:5:circ_bbuf_push	24	static
main.c:103:5:circ_bbuf_pop	24	static
main.c:118:6:HAL_UART_RxCpltCallback	16	static
main.c:129:6:print_uart	80	static
main.c:138:6:debug_led_set	8	static
main.c:142:6:debug_led_unset	8	static
main.c:146:6:debug_message	16	static
main.c:156:10:calculate_pitch	16	static
main.c:180:10:calculate_modulation	24	static
main.c:185:6:set_gate	8	static
main.c:189:6:unset_gate	8	static
main.c:193:6:set_pitch	16	static
main.c:198:6:set_modulation	16	static
main.c:203:6:parse_MIDI_message	16	static
main.c:300:5:main	8	static
main.c:350:6:SystemClock_Config	96	static
main.c:398:13:MX_DAC1_Init	48	static
main.c:445:13:MX_USART1_UART_Init	8	static
main.c:480:13:MX_USART2_UART_Init	8	static
main.c:515:13:MX_GPIO_Init	48	static
main.c:561:6:Error_Handler	4	static,ignoring_inline_asm
