15:23:41 **** Incremental Build of configuration Debug for project MIDI ****
make -j4 all 
arm-none-eabi-gcc "../Core/Src/main.c" -mcpu=cortex-m4 -std=gnu11 -g3 -DDEBUG -DUSE_HAL_DRIVER -DSTM32L476xx -c -I../Core/Inc -I../Drivers/STM32L4xx_HAL_Driver/Inc -I../Drivers/STM32L4xx_HAL_Driver/Inc/Legacy -I../Drivers/CMSIS/Device/ST/STM32L4xx/Include -I../Drivers/CMSIS/Include -O0 -ffunction-sections -fdata-sections -Wall -fstack-usage -MMD -MP -MF"Core/Src/main.d" -MT"Core/Src/main.o" --specs=nano.specs -mfpu=fpv4-sp-d16 -mfloat-abi=hard -mthumb -o "Core/Src/main.o"
../Core/Src/main.c: In function 'HAL_UART_RxCpltCallback':
../Core/Src/main.c:125:29: warning: pointer targets in passing argument 2 of 'HAL_UART_Transmit' differ in signedness [-Wpointer-sign]
  125 |  HAL_UART_Transmit(&huart2, "rec\n", 10, 1000);
      |                             ^~~~~~~
      |                             |
      |                             char *
In file included from ../Core/Inc/stm32l4xx_hal_conf.h:449,
                 from ../Drivers/STM32L4xx_HAL_Driver/Inc/stm32l4xx_hal.h:30,
                 from ../Core/Inc/main.h:31,
                 from ../Core/Src/main.c:29:
../Drivers/STM32L4xx_HAL_Driver/Inc/stm32l4xx_hal_uart.h:1679:73: note: expected 'uint8_t *' {aka 'unsigned char *'} but argument is of type 'char *'
 1679 | HAL_StatusTypeDef HAL_UART_Transmit(UART_HandleTypeDef *huart, uint8_t *pData, uint16_t Size, uint32_t Timeout);
      |                                                                ~~~~~~~~~^~~~~
../Core/Src/main.c: In function 'print_uart':
../Core/Src/main.c:132:37: warning: pointer targets in passing argument 1 of 'sprintf' differ in signedness [-Wpointer-sign]
  132 |     message_to_print_size = sprintf(message_to_print, message, byte, byte, byte);
      |                                     ^~~~~~~~~~~~~~~~
      |                                     |
      |                                     uint8_t * {aka unsigned char *}
In file included from ../Core/Src/main.c:33:
/opt/stm32cubeide/plugins/com.st.stm32cube.ide.mcu.externaltools.gnu-tools-for-stm32.9-2020-q2-update.linux64_2.0.0.202105311346/tools/arm-none-eabi/include/stdio.h:244:14: note: expected 'char * restrict' but argument is of type 'uint8_t *' {aka 'unsigned char *'}
  244 | int sprintf (char *__restrict, const char *__restrict, ...)
      |              ^
arm-none-eabi-gcc -o "MIDI.elf" @"objects.list"   -mcpu=cortex-m4 -T"/home/mateusz/studia/uam_pm/MIDI/STM32L476RGTX_FLASH.ld" --specs=nosys.specs -Wl,-Map="MIDI.map" -Wl,--gc-sections -static --specs=nano.specs -mfpu=fpv4-sp-d16 -mfloat-abi=hard -mthumb -Wl,--start-group -lc -lm -Wl,--end-group
Finished building target: MIDI.elf
 
arm-none-eabi-size   MIDI.elf 
arm-none-eabi-objdump -h -S  MIDI.elf  > "MIDI.list"
arm-none-eabi-objcopy  -O binary  MIDI.elf  "MIDI.bin"
   text	   data	    bss	    dec	    hex	filename
  22560	    140	   1900	  24600	   6018	MIDI.elf
Finished building: default.size.stdout
 
Finished building: MIDI.bin
 
Finished building: MIDI.list
 
