13:18:00 **** Incremental Build of configuration Debug for project exer2 ****
make -j4 all 
arm-none-eabi-gcc "../Core/Src/gpio.c" -mcpu=cortex-m4 -std=gnu11 -g3 -DDEBUG -DUSE_HAL_DRIVER -DSTM32L476xx -c -I../Core/Inc -I../Drivers/STM32L4xx_HAL_Driver/Inc -I../Drivers/STM32L4xx_HAL_Driver/Inc/Legacy -I../Drivers/CMSIS/Device/ST/STM32L4xx/Include -I../Drivers/CMSIS/Include -O0 -ffunction-sections -fdata-sections -Wall -fstack-usage -MMD -MP -MF"Core/Src/gpio.d" -MT"Core/Src/gpio.o" --specs=nano.specs -mfpu=fpv4-sp-d16 -mfloat-abi=hard -mthumb -o "Core/Src/gpio.o"
arm-none-eabi-gcc -o "exer2.elf" @"objects.list"   -mcpu=cortex-m4 -T"/home/students/s452648/STM32CubeIDE/workspace_1.7.0/exer2/STM32L476RGTX_FLASH.ld" --specs=nosys.specs -Wl,-Map="exer2.map" -Wl,--gc-sections -static --specs=nano.specs -mfpu=fpv4-sp-d16 -mfloat-abi=hard -mthumb -Wl,--start-group -lc -lm -Wl,--end-group
Finished building target: exer2.elf
 
arm-none-eabi-size   exer2.elf 
arm-none-eabi-objdump -h -S  exer2.elf  > "exer2.list"
arm-none-eabi-objcopy  -O binary  exer2.elf  "exer2.bin"
   text	   data	    bss	    dec	    hex	filename
  12116	     20	   1700	  13836	   360c	exer2.elf
Finished building: default.size.stdout
 
Finished building: exer2.bin
 
Finished building: exer2.list
 
