12:02:52 **** Incremental Build of configuration Debug for project interrupts2 ****
make -j4 all 
arm-none-eabi-gcc "../Core/Src/main.c" -mcpu=cortex-m4 -std=gnu11 -g3 -DDEBUG -DUSE_HAL_DRIVER -DSTM32L476xx -c -I../Core/Inc -I../Drivers/STM32L4xx_HAL_Driver/Inc -I../Drivers/STM32L4xx_HAL_Driver/Inc/Legacy -I../Drivers/CMSIS/Device/ST/STM32L4xx/Include -I../Drivers/CMSIS/Include -O0 -ffunction-sections -fdata-sections -Wall -fstack-usage -MMD -MP -MF"Core/Src/main.d" -MT"Core/Src/main.o" --specs=nano.specs -mfpu=fpv4-sp-d16 -mfloat-abi=hard -mthumb -o "Core/Src/main.o"
arm-none-eabi-gcc -o "interrupts2.elf" @"objects.list"   -mcpu=cortex-m4 -T"/home/students/s452648/STM32CubeIDE/workspace_1.7.0/interrupts2/STM32L476RGTX_FLASH.ld" --specs=nosys.specs -Wl,-Map="interrupts2.map" -Wl,--gc-sections -static --specs=nano.specs -mfpu=fpv4-sp-d16 -mfloat-abi=hard -mthumb -Wl,--start-group -lc -lm -Wl,--end-group
Finished building target: interrupts2.elf
 
arm-none-eabi-size   interrupts2.elf 
arm-none-eabi-objdump -h -S  interrupts2.elf  > "interrupts2.list"
arm-none-eabi-objcopy  -O binary  interrupts2.elf  "interrupts2.bin"
   text	   data	    bss	    dec	    hex	filename
  12352	     24	   1704	  14080	   3700	interrupts2.elf
Finished building: default.size.stdout
 
Finished building: interrupts2.bin
 
Finished building: interrupts2.list
 

12:02:54 Build Finished. 0 errors, 0 warnings. (took 1s.563ms)

