11:59:41 **** Incremental Build of configuration Debug for project Interrupt ****
make -j4 all 
arm-none-eabi-gcc "../Core/Src/main.c" -mcpu=cortex-m4 -std=gnu11 -g3 -DDEBUG -DUSE_HAL_DRIVER -DSTM32L476xx -c -I../Core/Inc -I../Drivers/STM32L4xx_HAL_Driver/Inc -I../Drivers/STM32L4xx_HAL_Driver/Inc/Legacy -I../Drivers/CMSIS/Device/ST/STM32L4xx/Include -I../Drivers/CMSIS/Include -O0 -ffunction-sections -fdata-sections -Wall -fstack-usage -MMD -MP -MF"Core/Src/main.d" -MT"Core/Src/main.o" --specs=nano.specs -mfpu=fpv4-sp-d16 -mfloat-abi=hard -mthumb -o "Core/Src/main.o"
arm-none-eabi-gcc "../Core/Src/stm32l4xx_it.c" -mcpu=cortex-m4 -std=gnu11 -g3 -DDEBUG -DUSE_HAL_DRIVER -DSTM32L476xx -c -I../Core/Inc -I../Drivers/STM32L4xx_HAL_Driver/Inc -I../Drivers/STM32L4xx_HAL_Driver/Inc/Legacy -I../Drivers/CMSIS/Device/ST/STM32L4xx/Include -I../Drivers/CMSIS/Include -O0 -ffunction-sections -fdata-sections -Wall -fstack-usage -MMD -MP -MF"Core/Src/stm32l4xx_it.d" -MT"Core/Src/stm32l4xx_it.o" --specs=nano.specs -mfpu=fpv4-sp-d16 -mfloat-abi=hard -mthumb -o "Core/Src/stm32l4xx_it.o"
arm-none-eabi-gcc -o "Interrupt.elf" @"objects.list"   -mcpu=cortex-m4 -T"/home/students/s452648/STM32CubeIDE/workspace_1.7.0/Interrupt/STM32L476RGTX_FLASH.ld" --specs=nosys.specs -Wl,-Map="Interrupt.map" -Wl,--gc-sections -static --specs=nano.specs -mfpu=fpv4-sp-d16 -mfloat-abi=hard -mthumb -Wl,--start-group -lc -lm -Wl,--end-group
Finished building target: Interrupt.elf
 
arm-none-eabi-size   Interrupt.elf 
arm-none-eabi-objdump -h -S  Interrupt.elf  > "Interrupt.list"
arm-none-eabi-objcopy  -O binary  Interrupt.elf  "Interrupt.bin"
   text	   data	    bss	    dec	    hex	filename
  12380	     24	   1704	  14108	   371c	Interrupt.elf
Finished building: default.size.stdout
 
Finished building: Interrupt.bin
 
Finished building: Interrupt.list
 

11:59:42 Build Finished. 0 errors, 0 warnings. (took 1s.548ms)

