12:48:59 **** Incremental Build of configuration Debug for project UART-transmit ****
make -j4 all 
arm-none-eabi-gcc "../Core/Src/main.c" -mcpu=cortex-m4 -std=gnu11 -g3 -DDEBUG -DUSE_HAL_DRIVER -DSTM32L476xx -c -I../Core/Inc -I../Drivers/STM32L4xx_HAL_Driver/Inc -I../Drivers/STM32L4xx_HAL_Driver/Inc/Legacy -I../Drivers/CMSIS/Device/ST/STM32L4xx/Include -I../Drivers/CMSIS/Include -O0 -ffunction-sections -fdata-sections -Wall -fstack-usage -MMD -MP -MF"Core/Src/main.d" -MT"Core/Src/main.o" --specs=nano.specs -mfpu=fpv4-sp-d16 -mfloat-abi=hard -mthumb -o "Core/Src/main.o"
../Core/Src/main.c: In function 'HAL_UART_RxCpltCallback':
../Core/Src/main.c:87:22: warning: passing argument 1 of 'HAL_UART_Receive_IT' from incompatible pointer type [-Wincompatible-pointer-types]
   87 |  HAL_UART_Receive_IT(&huart2, &Received, 1);
      |                      ^~~~~~~
      |                      |
      |                      UART_HandleTypeDef ** {aka struct __UART_HandleTypeDef **}
In file included from ../Core/Inc/stm32l4xx_hal_conf.h:449,
                 from ../Drivers/STM32L4xx_HAL_Driver/Inc/stm32l4xx_hal.h:30,
                 from ../Core/Inc/main.h:31,
                 from ../Core/Src/main.c:21:
../Drivers/STM32L4xx_HAL_Driver/Inc/stm32l4xx_hal_uart.h:1682:59: note: expected 'UART_HandleTypeDef *' {aka 'struct __UART_HandleTypeDef *'} but argument is of type 'UART_HandleTypeDef **' {aka 'struct __UART_HandleTypeDef **'}
 1682 | HAL_StatusTypeDef HAL_UART_Receive_IT(UART_HandleTypeDef *huart, uint8_t *pData, uint16_t Size);
      |                                       ~~~~~~~~~~~~~~~~~~~~^~~~~
arm-none-eabi-gcc -o "UART-transmit.elf" @"objects.list"   -mcpu=cortex-m4 -T"/home/students/s452648/STM32CubeIDE/workspace_1.7.0/UART-transmit/STM32L476RGTX_FLASH.ld" --specs=nosys.specs -Wl,-Map="UART-transmit.map" -Wl,--gc-sections -static --specs=nano.specs -mfpu=fpv4-sp-d16 -mfloat-abi=hard -mthumb -Wl,--start-group -lc -lm -Wl,--end-group
Finished building target: UART-transmit.elf
 
arm-none-eabi-size   UART-transmit.elf 
arm-none-eabi-objdump -h -S  UART-transmit.elf  > "UART-transmit.list"
arm-none-eabi-objcopy  -O binary  UART-transmit.elf  "UART-transmit.bin"
   text	   data	    bss	    dec	    hex	filename
  14760	     20	   1836	  16616	   40e8	UART-transmit.elf
Finished building: default.size.stdout
 
Finished building: UART-transmit.bin
 
Finished building: UART-transmit.list
 

12:49:00 Build Finished. 0 errors, 1 warnings. (took 1s.452ms)

